******************************************************************************
                  MSP430 Linker PC v4.3.5                      
******************************************************************************
>> Linked Sat Jan 10 22:13:55 2015

OUTPUT FILE NAME:   <E07-M1101S_V2.out>
ENTRY POINT SYMBOL: "_c_int00"  address: 0000cb96


MEMORY CONFIGURATION

         name            origin    length      used     unused   attr    fill
----------------------  --------  ---------  --------  --------  ----  --------
  SFR                   00000000   00000010  00000000  00000010  RWIX
  PERIPHERALS_8BIT      00000010   000000f0  00000000  000000f0  RWIX
  PERIPHERALS_16BIT     00000100   00000100  00000000  00000100  RWIX
  RAM                   00000200   00000200  000000bd  00000143  RWIX
  INFOD                 00001000   00000040  00000000  00000040  RWIX
  INFOC                 00001040   00000040  00000000  00000040  RWIX
  INFOB                 00001080   00000040  00000000  00000040  RWIX
  INFOA                 000010c0   00000040  00000000  00000040  RWIX
  FLASH                 0000c000   00003fe0  00000d36  000032aa  RWIX
  INT00                 0000ffe0   00000002  00000000  00000002  RWIX
  INT01                 0000ffe2   00000002  00000000  00000002  RWIX
  INT02                 0000ffe4   00000002  00000002  00000000  RWIX
  INT03                 0000ffe6   00000002  00000002  00000000  RWIX
  INT04                 0000ffe8   00000002  00000000  00000002  RWIX
  INT05                 0000ffea   00000002  00000002  00000000  RWIX
  INT06                 0000ffec   00000002  00000002  00000000  RWIX
  INT07                 0000ffee   00000002  00000002  00000000  RWIX
  INT08                 0000fff0   00000002  00000002  00000000  RWIX
  INT09                 0000fff2   00000002  00000002  00000000  RWIX
  INT10                 0000fff4   00000002  00000002  00000000  RWIX
  INT11                 0000fff6   00000002  00000002  00000000  RWIX
  INT12                 0000fff8   00000002  00000002  00000000  RWIX
  INT13                 0000fffa   00000002  00000002  00000000  RWIX
  INT14                 0000fffc   00000002  00000002  00000000  RWIX
  RESET                 0000fffe   00000002  00000002  00000000  RWIX


SECTION ALLOCATION MAP

 output                                  attributes/
section   page    origin      length       input sections
--------  ----  ----------  ----------   ----------------
.init_array 
*          0    0000c000    00000000     UNINITIALIZED

.bss       0    00000200    00000062     UNINITIALIZED
                  00000200    00000010     (.common:GPIO_PORT1_callback)
                  00000210    00000010     (.common:GPIO_PORT2_callback)
                  00000220    00000010     (.common:timer1_A1_callback)
                  00000230    00000008     (.common:GPIO_PORT1_LPM_bits)
                  00000238    00000008     (.common:GPIO_PORT2_LPM_bits)
                  00000240    00000008     (.common:timer0_A3_callback)
                  00000248    00000008     (.common:timer1_A1_LPM_bits)
                  00000250    00000004     (.common:rxBuffer)
                  00000254    00000004     (.common:timer0_A3_LPM_bits)
                  00000258    00000004     (.common:txBuffer)
                  0000025c    00000002     (.common:BCS_callback)
                  0000025e    00000002     (.common:timer1_A0_callback)
                  00000260    00000001     (.common:BCS_LPM_bits)
                  00000261    00000001     (.common:timer1_A0_LPM_bits)

.TI.noinit 
*          0    00000200    00000000     UNINITIALIZED

.data      0    00000262    0000000b     UNINITIALIZED
                  00000262    00000008     main.obj (.data:string)
                  0000026a    00000003     main.obj (.data)

.TI.persistent 
*          0    00000262    00000000     UNINITIALIZED

.stack     0    000003b0    00000050     UNINITIALIZED
                  000003b0    00000002     rts430_eabi.lib : boot.obj (.stack)
                  000003b2    0000004e     --HOLE--

.text      0    0000c000    00000cfa     
                  0000c000    00000138     main.obj (.text:main)
                  0000c138    00000116     CC1101.obj (.text:CC1101_writeSettings)
                  0000c24e    0000008c     main.obj (.text:APP_GPIO_init)
                  0000c2da    0000007e     GPIO.obj (.text:GPIO_Port1_ISR)
                  0000c358    0000007e     GPIO.obj (.text:GPIO_Port2_ISR)
                  0000c3d6    0000006e     SPI.obj (.text:SPI_readBurstReg)
                  0000c444    0000006c     main.obj (.text:APP_POST)
                  0000c4b0    0000006c     USCI.obj (.text:USCI_A0_init_UART)
                  0000c51c    00000068     CC1101.obj (.text:CC1101_receivePacket)
                  0000c584    00000060     CC1101.obj (.text:CC1101_powerupReset)
                  0000c5e4    0000005e     rts430_eabi.lib : copy_decompress_rle.obj (.text:__TI_decompress_rle_core)
                  0000c642    0000005e                     : autoinit.obj (.text:_auto_init)
                  0000c6a0    00000058                     : div32u.obj (.text)
                  0000c6f8    00000050     SPI.obj (.text:SPI_writeBurstReg)
                  0000c748    0000004c     SPI.obj (.text:SPI_setup)
                  0000c794    00000042     Timer0_A3.obj (.text:Timer0_A1_ISR)
                  0000c7d6    00000042     Timer1_A3.obj (.text:Timer1_A1_ISR)
                  0000c818    00000040     SPI.obj (.text:SPI_readReg)
                  0000c858    00000040     SPI.obj (.text:SPI_readStatus)
                  0000c898    00000040     main.obj (.text:SW2_callback)
                  0000c8d8    00000040     rts430_eabi.lib : div32s.obj (.text)
                  0000c918    0000003e                     : asr32.obj (.text:l_asr_const)
                  0000c956    0000003a     GPIO.obj (.text:gpio_port1_init)
                  0000c990    0000003a     GPIO.obj (.text:gpio_port2_init)
                  0000c9ca    00000038     SPI.obj (.text:SPI_writeReg)
                  0000ca02    00000036     CC1101.obj (.text:CC1101_getRSSI)
                  0000ca38    00000030     CC1101.obj (.text:CC1101_sendPacket)
                  0000ca68    00000030     main.obj (.text:periodicTX)
                  0000ca98    0000002e     SPI.obj (.text:SPI_strobe)
                  0000cac6    0000002c     rts430_eabi.lib : div16s.obj (.text)
                  0000caf2    0000002c                     : lsl16.obj (.text)
                  0000cb1e    00000028     BasicClockSystem.obj (.text:NMI_ISR)
                  0000cb46    00000028     Timer0_A3.obj (.text:Timer0_A0_ISR)
                  0000cb6e    00000028     Timer1_A3.obj (.text:Timer1_A0_ISR)
                  0000cb96    0000001a     rts430_eabi.lib : boot.obj (.text:_c_int00_noexit)
                  0000cbb0    00000018     main.obj (.text:LEDShutdown)
                  0000cbc8    00000018     Timer1_A3.obj (.text:Timer1_A3_init)
                  0000cbe0    00000016     CC1101.obj (.text:CC1101_init)
                  0000cbf6    00000016     main.obj (.text:GDO0_callback)
                  0000cc0c    00000016     rts430_eabi.lib : div16u.obj (.text)
                  0000cc22    00000014     Timer0_A3.obj (.text:Timer0_A3_init)
                  0000cc36    00000014     rts430_eabi.lib : copy_zero_init.obj (.text:decompress:ZI:__TI_zero_init)
                  0000cc4a    00000012     SPI.obj (.text:SPI_wait)
                  0000cc5c    00000012     rts430_eabi.lib : copy_decompress_none.obj (.text:decompress:none:__TI_decompress_none)
                  0000cc6e    00000012                     : memcpy.obj (.text:memcpy)
                  0000cc80    00000010     GPIO.obj (.text:GPIO_PORT1_registerCallback)
                  0000cc90    00000010     GPIO.obj (.text:GPIO_PORT2_registerCallback)
                  0000cca0    00000010     Timer0_A3.obj (.text:Timer0_A3_registerCallback)
                  0000ccb0    00000010     rts430_eabi.lib : epilog.obj (.text)
                  0000ccc0    0000000e     BasicClockSystem.obj (.text:BCS_init)
                  0000ccce    0000000e     debug.obj (.text:UART_ISR)
                  0000ccdc    0000000a     CC1101.obj (.text:CC1101_setReceive)
                  0000cce6    00000006     rts430_eabi.lib : isr_trap.obj (.text:_isr:__TI_ISR_TRAP)
                  0000ccec    00000006                     : copy_decompress_rle.obj (.text:decompress:rle24:__TI_decompress_rle24)
                  0000ccf2    00000004                     : pre_init.obj (.text:_system_pre_init)
                  0000ccf6    00000004                     : exit.obj (.text:abort)

.const     0    0000ccfa    0000001a     
                  0000ccfa    0000000a     USCI.obj (.const)
                  0000cd04    00000008     CC1101.obj (.const:.string:$P$T0$1)
                  0000cd0c    00000006     GPIO.obj (.const)
                  0000cd12    00000002     Timer0_A3.obj (.const)

.cinit     0    0000cd14    00000022     
                  0000cd14    0000000f     (.cinit..data.load) [load image]
                  0000cd23    00000001     --HOLE-- [fill = 0]
                  0000cd24    00000006     (__TI_handler_table)
                  0000cd2a    00000004     (.cinit..bss.load) [load image, compression = zero_init]
                  0000cd2e    00000008     (__TI_cinit_table)

PORT1      0    0000ffe4    00000002     
                  0000ffe4    00000002     GPIO.obj (.int02)

PORT2      0    0000ffe6    00000002     
                  0000ffe6    00000002     GPIO.obj (.int03)

ADC10      0    0000ffea    00000002     
                  0000ffea    00000002     rts430_eabi.lib : int05.obj (.int05)

USCIAB0TX 
*          0    0000ffec    00000002     
                  0000ffec    00000002     rts430_eabi.lib : int06.obj (.int06)

USCIAB0RX 
*          0    0000ffee    00000002     
                  0000ffee    00000002     debug.obj (.int07)

TIMER0_A1 
*          0    0000fff0    00000002     
                  0000fff0    00000002     Timer0_A3.obj (.int08)

TIMER0_A0 
*          0    0000fff2    00000002     
                  0000fff2    00000002     Timer0_A3.obj (.int09)

WDT        0    0000fff4    00000002     
                  0000fff4    00000002     rts430_eabi.lib : int10.obj (.int10)

COMPARATORA 
*          0    0000fff6    00000002     
                  0000fff6    00000002     rts430_eabi.lib : int11.obj (.int11)

TIMER1_A1 
*          0    0000fff8    00000002     
                  0000fff8    00000002     Timer1_A3.obj (.int12)

TIMER1_A0 
*          0    0000fffa    00000002     
                  0000fffa    00000002     Timer1_A3.obj (.int13)

NMI        0    0000fffc    00000002     
                  0000fffc    00000002     BasicClockSystem.obj (.int14)

.reset     0    0000fffe    00000002     
                  0000fffe    00000002     rts430_eabi.lib : boot.obj (.reset)


LINKER GENERATED COPY TABLES

__TI_cinit_table @ 0000cd2e records: 2, size/record: 4, table size: 8
	.data: load addr=0000cd14, load size=0000000f bytes, run addr=00000262, run size=0000000b bytes, compression=copy
	.bss: load addr=0000cd2a, load size=00000004 bytes, run addr=00000200, run size=00000062 bytes, compression=zero_init


LINKER GENERATED HANDLER TABLE

__TI_handler_table @ 0000cd24 records: 3, size/record: 2, table size: 6
	index: 0, handler: __TI_zero_init
	index: 1, handler: __TI_decompress_rle24
	index: 2, handler: __TI_decompress_none


GLOBAL SYMBOLS: SORTED ALPHABETICALLY BY Name 

address    name
--------   ----
0000004a   ADC10AE0
000001b0   ADC10CTL0
000001b2   ADC10CTL1
00000048   ADC10DTC0
00000049   ADC10DTC1
000001b4   ADC10MEM
000001bc   ADC10SA
0000c24e   APP_GPIO_init
0000c444   APP_POST
00000057   BCSCTL1
00000058   BCSCTL2
00000053   BCSCTL3
00000260   BCS_LPM_bits
0000025c   BCS_callback
0000ccc0   BCS_init
0000ccf6   C$$EXIT
00000059   CACTL1
0000005a   CACTL2
000010fb   CALBC1_12MHZ
000010f9   CALBC1_16MHZ
000010ff   CALBC1_1MHZ
000010fd   CALBC1_8MHZ
000010fa   CALDCO_12MHZ
000010f8   CALDCO_16MHZ
000010fe   CALDCO_1MHZ
000010fc   CALDCO_8MHZ
0000005b   CAPD
0000ca02   CC1101_getRSSI
0000cbe0   CC1101_init
0000c584   CC1101_powerupReset
0000c51c   CC1101_receivePacket
0000ca38   CC1101_sendPacket
0000ccdc   CC1101_setReceive
0000c138   CC1101_writeSettings
00000056   DCOCTL
00000128   FCTL1
0000012a   FCTL2
0000012c   FCTL3
0000026a   FLAGS
0000cbf6   GDO0_callback
0000cc80   GPIO_PORT1_registerCallback
0000cc90   GPIO_PORT2_registerCallback
0000c2da   GPIO_Port1_ISR
0000c358   GPIO_Port2_ISR
00000000   IE1
00000001   IE2
00000002   IFG1
00000003   IFG2
0000cbb0   LEDShutdown
0000cb1e   NMI_ISR
00000022   P1DIR
00000025   P1IE
00000024   P1IES
00000023   P1IFG
00000020   P1IN
00000021   P1OUT
00000027   P1REN
00000026   P1SEL
00000041   P1SEL2
0000002a   P2DIR
0000002d   P2IE
0000002c   P2IES
0000002b   P2IFG
00000028   P2IN
00000029   P2OUT
0000002f   P2REN
0000002e   P2SEL
00000042   P2SEL2
0000001a   P3DIR
00000018   P3IN
00000019   P3OUT
00000010   P3REN
0000001b   P3SEL
00000043   P3SEL2
0000c3d6   SPI_readBurstReg
0000c818   SPI_readReg
0000c858   SPI_readStatus
0000c748   SPI_setup
0000ca98   SPI_strobe
0000cc4a   SPI_wait
0000c6f8   SPI_writeBurstReg
0000c9ca   SPI_writeReg
0000026c   STATE
0000c898   SW2_callback
00000172   TA0CCR0
00000174   TA0CCR1
00000176   TA0CCR2
00000162   TA0CCTL0
00000164   TA0CCTL1
00000166   TA0CCTL2
00000160   TA0CTL
0000012e   TA0IV
00000170   TA0R
00000192   TA1CCR0
00000194   TA1CCR1
00000196   TA1CCR2
00000182   TA1CCTL0
00000184   TA1CCTL1
00000186   TA1CCTL2
00000180   TA1CTL
0000011e   TA1IV
00000190   TA1R
000010db   TLV_ADC10_1_LEN
000010da   TLV_ADC10_1_TAG
000010c0   TLV_CHECKSUM
000010f7   TLV_DCO_30_LEN
000010f6   TLV_DCO_30_TAG
0000cb46   Timer0_A0_ISR
0000c794   Timer0_A1_ISR
0000cc22   Timer0_A3_init
0000cca0   Timer0_A3_registerCallback
0000cb6e   Timer1_A0_ISR
0000c7d6   Timer1_A1_ISR
0000cbc8   Timer1_A3_init
0000ccce   UART_ISR
0000005d   UCA0ABCTL
00000062   UCA0BR0
00000063   UCA0BR1
00000060   UCA0CTL0
00000061   UCA0CTL1
0000005f   UCA0IRRCTL
0000005e   UCA0IRTCTL
00000064   UCA0MCTL
00000066   UCA0RXBUF
00000065   UCA0STAT
00000067   UCA0TXBUF
0000006a   UCB0BR0
0000006b   UCB0BR1
00000068   UCB0CTL0
00000069   UCB0CTL1
0000006c   UCB0I2CIE
00000118   UCB0I2COA
0000011a   UCB0I2CSA
0000006e   UCB0RXBUF
0000006d   UCB0STAT
0000006f   UCB0TXBUF
0000c4b0   USCI_A0_init_UART
00000120   WDTCTL
00000400   __STACK_END
00000050   __STACK_SIZE
0000cd2e   __TI_CINIT_Base
0000cd36   __TI_CINIT_Limit
0000cd24   __TI_Handler_Table_Base
0000cd2a   __TI_Handler_Table_Limit
UNDEFED    __TI_INITARRAY_Base
UNDEFED    __TI_INITARRAY_Limit
0000cce6   __TI_ISR_TRAP
00000001   __TI_args_main
0000cc5c   __TI_decompress_none
0000ccec   __TI_decompress_rle24
00000001   __TI_exit
0000ffe4   __TI_int02
0000ffe6   __TI_int03
0000ffea   __TI_int05
0000ffec   __TI_int06
0000ffee   __TI_int07
0000fff0   __TI_int08
0000fff2   __TI_int09
0000fff4   __TI_int10
0000fff6   __TI_int11
0000fff8   __TI_int12
0000fffa   __TI_int13
0000fffc   __TI_int14
0000cc36   __TI_zero_init
ffffffff   __binit__
ffffffff   __c_args__
0000cac6   __mspabi_divi
0000c8d8   __mspabi_divli
0000cc0c   __mspabi_divu
0000c6a0   __mspabi_divul
0000ccbc   __mspabi_func_epilog_1
0000ccba   __mspabi_func_epilog_2
0000ccb8   __mspabi_func_epilog_3
0000ccb6   __mspabi_func_epilog_4
0000ccb4   __mspabi_func_epilog_5
0000ccb2   __mspabi_func_epilog_6
0000ccb0   __mspabi_func_epilog_7
0000cac6   __mspabi_remi
0000c8d8   __mspabi_remli
0000cc0c   __mspabi_remu
0000c6a0   __mspabi_remul
0000caf2   __mspabi_slli
0000cb1a   __mspabi_slli_1
0000cb08   __mspabi_slli_10
0000cb06   __mspabi_slli_11
0000cb04   __mspabi_slli_12
0000cb02   __mspabi_slli_13
0000cb00   __mspabi_slli_14
0000cafe   __mspabi_slli_15
0000cb18   __mspabi_slli_2
0000cb16   __mspabi_slli_3
0000cb14   __mspabi_slli_4
0000cb12   __mspabi_slli_5
0000cb10   __mspabi_slli_6
0000cb0e   __mspabi_slli_7
0000cb0c   __mspabi_slli_8
0000cb0a   __mspabi_slli_9
0000c950   __mspabi_sral_1
0000c92c   __mspabi_sral_10
0000c928   __mspabi_sral_11
0000c924   __mspabi_sral_12
0000c920   __mspabi_sral_13
0000c91c   __mspabi_sral_14
0000c918   __mspabi_sral_15
0000c94c   __mspabi_sral_2
0000c948   __mspabi_sral_3
0000c944   __mspabi_sral_4
0000c940   __mspabi_sral_5
0000c93c   __mspabi_sral_6
0000c938   __mspabi_sral_7
0000c934   __mspabi_sral_8
0000c930   __mspabi_sral_9
0000c642   _auto_init
0000cb96   _c_int00
0000cb96   _c_int00_noexit
0000fffe   _reset_vector
000003b0   _stack
0000ccf2   _system_pre_init
0000ccf6   abort
ffffffff   binit
0000c956   gpio_port1_init
0000c990   gpio_port2_init
0000c000   main
0000cc6e   memcpy
0000cd0c   p_PORT1
0000cd0e   p_PORT2
0000cd10   p_PORT3
0000cd12   p_TIMER0_A3
0000ccfa   p_USCI_A0_UART_CONTROL
0000ccfe   p_USCI_A0_UART_PORT
0000ccfc   p_USCI_B0_SPI_CONTROL
0000cd00   p_USCI_B0_SPI_PORT
0000cd02   p_USCI_INTERRUPT
0000ca68   periodicTX
0000026b   periodicTXFlag
00000250   rxBuffer
00000262   string
00000254   timer0_A3_LPM_bits
00000240   timer0_A3_callback
00000261   timer1_A0_LPM_bits
0000025e   timer1_A0_callback
00000248   timer1_A1_LPM_bits
00000220   timer1_A1_callback
00000258   txBuffer


GLOBAL SYMBOLS: SORTED BY Symbol Address 

address    name
--------   ----
00000000   IE1
00000001   IE2
00000001   __TI_args_main
00000001   __TI_exit
00000002   IFG1
00000003   IFG2
00000010   P3REN
00000018   P3IN
00000019   P3OUT
0000001a   P3DIR
0000001b   P3SEL
00000020   P1IN
00000021   P1OUT
00000022   P1DIR
00000023   P1IFG
00000024   P1IES
00000025   P1IE
00000026   P1SEL
00000027   P1REN
00000028   P2IN
00000029   P2OUT
0000002a   P2DIR
0000002b   P2IFG
0000002c   P2IES
0000002d   P2IE
0000002e   P2SEL
0000002f   P2REN
00000041   P1SEL2
00000042   P2SEL2
00000043   P3SEL2
00000048   ADC10DTC0
00000049   ADC10DTC1
0000004a   ADC10AE0
00000050   __STACK_SIZE
00000053   BCSCTL3
00000056   DCOCTL
00000057   BCSCTL1
00000058   BCSCTL2
00000059   CACTL1
0000005a   CACTL2
0000005b   CAPD
0000005d   UCA0ABCTL
0000005e   UCA0IRTCTL
0000005f   UCA0IRRCTL
00000060   UCA0CTL0
00000061   UCA0CTL1
00000062   UCA0BR0
00000063   UCA0BR1
00000064   UCA0MCTL
00000065   UCA0STAT
00000066   UCA0RXBUF
00000067   UCA0TXBUF
00000068   UCB0CTL0
00000069   UCB0CTL1
0000006a   UCB0BR0
0000006b   UCB0BR1
0000006c   UCB0I2CIE
0000006d   UCB0STAT
0000006e   UCB0RXBUF
0000006f   UCB0TXBUF
00000118   UCB0I2COA
0000011a   UCB0I2CSA
0000011e   TA1IV
00000120   WDTCTL
00000128   FCTL1
0000012a   FCTL2
0000012c   FCTL3
0000012e   TA0IV
00000160   TA0CTL
00000162   TA0CCTL0
00000164   TA0CCTL1
00000166   TA0CCTL2
00000170   TA0R
00000172   TA0CCR0
00000174   TA0CCR1
00000176   TA0CCR2
00000180   TA1CTL
00000182   TA1CCTL0
00000184   TA1CCTL1
00000186   TA1CCTL2
00000190   TA1R
00000192   TA1CCR0
00000194   TA1CCR1
00000196   TA1CCR2
000001b0   ADC10CTL0
000001b2   ADC10CTL1
000001b4   ADC10MEM
000001bc   ADC10SA
00000220   timer1_A1_callback
00000240   timer0_A3_callback
00000248   timer1_A1_LPM_bits
00000250   rxBuffer
00000254   timer0_A3_LPM_bits
00000258   txBuffer
0000025c   BCS_callback
0000025e   timer1_A0_callback
00000260   BCS_LPM_bits
00000261   timer1_A0_LPM_bits
00000262   string
0000026a   FLAGS
0000026b   periodicTXFlag
0000026c   STATE
000003b0   _stack
00000400   __STACK_END
000010c0   TLV_CHECKSUM
000010da   TLV_ADC10_1_TAG
000010db   TLV_ADC10_1_LEN
000010f6   TLV_DCO_30_TAG
000010f7   TLV_DCO_30_LEN
000010f8   CALDCO_16MHZ
000010f9   CALBC1_16MHZ
000010fa   CALDCO_12MHZ
000010fb   CALBC1_12MHZ
000010fc   CALDCO_8MHZ
000010fd   CALBC1_8MHZ
000010fe   CALDCO_1MHZ
000010ff   CALBC1_1MHZ
0000c000   main
0000c138   CC1101_writeSettings
0000c24e   APP_GPIO_init
0000c2da   GPIO_Port1_ISR
0000c358   GPIO_Port2_ISR
0000c3d6   SPI_readBurstReg
0000c444   APP_POST
0000c4b0   USCI_A0_init_UART
0000c51c   CC1101_receivePacket
0000c584   CC1101_powerupReset
0000c642   _auto_init
0000c6a0   __mspabi_divul
0000c6a0   __mspabi_remul
0000c6f8   SPI_writeBurstReg
0000c748   SPI_setup
0000c794   Timer0_A1_ISR
0000c7d6   Timer1_A1_ISR
0000c818   SPI_readReg
0000c858   SPI_readStatus
0000c898   SW2_callback
0000c8d8   __mspabi_divli
0000c8d8   __mspabi_remli
0000c918   __mspabi_sral_15
0000c91c   __mspabi_sral_14
0000c920   __mspabi_sral_13
0000c924   __mspabi_sral_12
0000c928   __mspabi_sral_11
0000c92c   __mspabi_sral_10
0000c930   __mspabi_sral_9
0000c934   __mspabi_sral_8
0000c938   __mspabi_sral_7
0000c93c   __mspabi_sral_6
0000c940   __mspabi_sral_5
0000c944   __mspabi_sral_4
0000c948   __mspabi_sral_3
0000c94c   __mspabi_sral_2
0000c950   __mspabi_sral_1
0000c956   gpio_port1_init
0000c990   gpio_port2_init
0000c9ca   SPI_writeReg
0000ca02   CC1101_getRSSI
0000ca38   CC1101_sendPacket
0000ca68   periodicTX
0000ca98   SPI_strobe
0000cac6   __mspabi_divi
0000cac6   __mspabi_remi
0000caf2   __mspabi_slli
0000cafe   __mspabi_slli_15
0000cb00   __mspabi_slli_14
0000cb02   __mspabi_slli_13
0000cb04   __mspabi_slli_12
0000cb06   __mspabi_slli_11
0000cb08   __mspabi_slli_10
0000cb0a   __mspabi_slli_9
0000cb0c   __mspabi_slli_8
0000cb0e   __mspabi_slli_7
0000cb10   __mspabi_slli_6
0000cb12   __mspabi_slli_5
0000cb14   __mspabi_slli_4
0000cb16   __mspabi_slli_3
0000cb18   __mspabi_slli_2
0000cb1a   __mspabi_slli_1
0000cb1e   NMI_ISR
0000cb46   Timer0_A0_ISR
0000cb6e   Timer1_A0_ISR
0000cb96   _c_int00
0000cb96   _c_int00_noexit
0000cbb0   LEDShutdown
0000cbc8   Timer1_A3_init
0000cbe0   CC1101_init
0000cbf6   GDO0_callback
0000cc0c   __mspabi_divu
0000cc0c   __mspabi_remu
0000cc22   Timer0_A3_init
0000cc36   __TI_zero_init
0000cc4a   SPI_wait
0000cc5c   __TI_decompress_none
0000cc6e   memcpy
0000cc80   GPIO_PORT1_registerCallback
0000cc90   GPIO_PORT2_registerCallback
0000cca0   Timer0_A3_registerCallback
0000ccb0   __mspabi_func_epilog_7
0000ccb2   __mspabi_func_epilog_6
0000ccb4   __mspabi_func_epilog_5
0000ccb6   __mspabi_func_epilog_4
0000ccb8   __mspabi_func_epilog_3
0000ccba   __mspabi_func_epilog_2
0000ccbc   __mspabi_func_epilog_1
0000ccc0   BCS_init
0000ccce   UART_ISR
0000ccdc   CC1101_setReceive
0000cce6   __TI_ISR_TRAP
0000ccec   __TI_decompress_rle24
0000ccf2   _system_pre_init
0000ccf6   C$$EXIT
0000ccf6   abort
0000ccfa   p_USCI_A0_UART_CONTROL
0000ccfc   p_USCI_B0_SPI_CONTROL
0000ccfe   p_USCI_A0_UART_PORT
0000cd00   p_USCI_B0_SPI_PORT
0000cd02   p_USCI_INTERRUPT
0000cd0c   p_PORT1
0000cd0e   p_PORT2
0000cd10   p_PORT3
0000cd12   p_TIMER0_A3
0000cd24   __TI_Handler_Table_Base
0000cd2a   __TI_Handler_Table_Limit
0000cd2e   __TI_CINIT_Base
0000cd36   __TI_CINIT_Limit
0000ffe4   __TI_int02
0000ffe6   __TI_int03
0000ffea   __TI_int05
0000ffec   __TI_int06
0000ffee   __TI_int07
0000fff0   __TI_int08
0000fff2   __TI_int09
0000fff4   __TI_int10
0000fff6   __TI_int11
0000fff8   __TI_int12
0000fffa   __TI_int13
0000fffc   __TI_int14
0000fffe   _reset_vector
ffffffff   __binit__
ffffffff   __c_args__
ffffffff   binit
UNDEFED    __TI_INITARRAY_Base
UNDEFED    __TI_INITARRAY_Limit

[244 symbols]
