******************************************************************************
                  MSP430 Linker PC v4.3.5                      
******************************************************************************
>> Linked Wed Dec 31 14:54:41 2014

OUTPUT FILE NAME:   <E07-M1101S_V2.out>
ENTRY POINT SYMBOL: "_c_int00"  address: 0000cacc


MEMORY CONFIGURATION

         name            origin    length      used     unused   attr    fill
----------------------  --------  ---------  --------  --------  ----  --------
  SFR                   00000000   00000010  00000000  00000010  RWIX
  PERIPHERALS_8BIT      00000010   000000f0  00000000  000000f0  RWIX
  PERIPHERALS_16BIT     00000100   00000100  00000000  00000100  RWIX
  RAM                   00000200   00000200  000000c7  00000139  RWIX
  INFOD                 00001000   00000040  00000000  00000040  RWIX
  INFOC                 00001040   00000040  00000000  00000040  RWIX
  INFOB                 00001080   00000040  00000000  00000040  RWIX
  INFOA                 000010c0   00000040  00000000  00000040  RWIX
  FLASH                 0000c000   00003fe0  00000c30  000033b0  RWIX
  INT00                 0000ffe0   00000002  00000000  00000002  RWIX
  INT01                 0000ffe2   00000002  00000000  00000002  RWIX
  INT02                 0000ffe4   00000002  00000002  00000000  RWIX
  INT03                 0000ffe6   00000002  00000002  00000000  RWIX
  INT04                 0000ffe8   00000002  00000000  00000002  RWIX
  INT05                 0000ffea   00000002  00000002  00000000  RWIX
  INT06                 0000ffec   00000002  00000002  00000000  RWIX
  INT07                 0000ffee   00000002  00000002  00000000  RWIX
  INT08                 0000fff0   00000002  00000002  00000000  RWIX
  INT09                 0000fff2   00000002  00000002  00000000  RWIX
  INT10                 0000fff4   00000002  00000002  00000000  RWIX
  INT11                 0000fff6   00000002  00000002  00000000  RWIX
  INT12                 0000fff8   00000002  00000002  00000000  RWIX
  INT13                 0000fffa   00000002  00000002  00000000  RWIX
  INT14                 0000fffc   00000002  00000002  00000000  RWIX
  RESET                 0000fffe   00000002  00000002  00000000  RWIX


SECTION ALLOCATION MAP

 output                                  attributes/
section   page    origin      length       input sections
--------  ----  ----------  ----------   ----------------
.init_array 
*          0    0000c000    00000000     UNINITIALIZED

.bss       0    00000200    0000006e     UNINITIALIZED
                  00000200    00000010     (.common:GPIO_PORT1_callback)
                  00000210    00000010     (.common:GPIO_PORT2_callback)
                  00000220    00000010     (.common:timer0_A1_callback)
                  00000230    00000010     (.common:timer1_A1_callback)
                  00000240    00000008     (.common:GPIO_PORT1_LPM_bits)
                  00000248    00000008     (.common:GPIO_PORT2_LPM_bits)
                  00000250    00000008     (.common:timer0_A1_LPM_bits)
                  00000258    00000008     (.common:timer1_A1_LPM_bits)
                  00000260    00000004     (.common:rxBuffer)
                  00000264    00000004     (.common:txBuffer)
                  00000268    00000002     (.common:timer0_A0_callback)
                  0000026a    00000002     (.common:timer1_A0_callback)
                  0000026c    00000001     (.common:timer0_A0_LPM_bits)
                  0000026d    00000001     (.common:timer1_A0_LPM_bits)

.TI.noinit 
*          0    00000200    00000000     UNINITIALIZED

.data      0    0000026e    00000009     UNINITIALIZED
                  0000026e    00000008     main.obj (.data:string)
                  00000276    00000001     main.obj (.data)

.TI.persistent 
*          0    0000026e    00000000     UNINITIALIZED

.stack     0    000003b0    00000050     UNINITIALIZED
                  000003b0    00000002     rts430_eabi.lib : boot.obj (.stack)
                  000003b2    0000004e     --HOLE--

.text      0    0000c000    00000bf8     
                  0000c000    0000012a     CC1101.obj (.text:CC1101_writeSettings)
                  0000c12a    00000126     main.obj (.text:main)
                  0000c250    00000082     main.obj (.text:APP_GPIO_init)
                  0000c2d2    0000007e     GPIO.obj (.text:GPIO_Port1_ISR)
                  0000c350    0000007e     GPIO.obj (.text:GPIO_Port2_ISR)
                  0000c3ce    0000006c     main.obj (.text:APP_POST)
                  0000c43a    0000006c     USCI.obj (.text:USCI_A0_init_UART)
                  0000c4a6    00000068     CC1101.obj (.text:CC1101_receivePacket)
                  0000c50e    00000062     SPI.obj (.text:SPI_readBurstReg)
                  0000c570    00000060     CC1101.obj (.text:CC1101_powerupReset)
                  0000c5d0    0000005e     rts430_eabi.lib : copy_decompress_rle.obj (.text:__TI_decompress_rle_core)
                  0000c62e    0000005e                     : autoinit.obj (.text:_auto_init)
                  0000c68c    00000058                     : div32u.obj (.text)
                  0000c6e4    0000004c     SPI.obj (.text:SPI_setup)
                  0000c730    00000044     SPI.obj (.text:SPI_writeBurstReg)
                  0000c774    00000042     Timer0_A3.obj (.text:Timer0_A1_ISR)
                  0000c7b6    00000042     Timer1_A3.obj (.text:Timer1_A1_ISR)
                  0000c7f8    00000040     rts430_eabi.lib : div32s.obj (.text)
                  0000c838    0000003e                     : asr32.obj (.text:l_asr_const)
                  0000c876    0000003a     GPIO.obj (.text:gpio_port1_init)
                  0000c8b0    0000003a     GPIO.obj (.text:gpio_port2_init)
                  0000c8ea    00000036     CC1101.obj (.text:CC1101_getRSSI)
                  0000c920    00000034     SPI.obj (.text:SPI_readReg)
                  0000c954    00000034     SPI.obj (.text:SPI_readStatus)
                  0000c988    00000030     CC1101.obj (.text:CC1101_sendPacket)
                  0000c9b8    0000002c     SPI.obj (.text:SPI_writeReg)
                  0000c9e4    0000002c     rts430_eabi.lib : div16s.obj (.text)
                  0000ca10    0000002c                     : lsl16.obj (.text)
                  0000ca3c    00000028     Timer0_A3.obj (.text:Timer0_A0_ISR)
                  0000ca64    00000028     Timer1_A3.obj (.text:Timer1_A0_ISR)
                  0000ca8c    00000022     SPI.obj (.text:SPI_strobe)
                  0000caae    0000001e     main.obj (.text:SW2_callback)
                  0000cacc    0000001a     rts430_eabi.lib : boot.obj (.text:_c_int00_noexit)
                  0000cae6    00000018     Timer1_A3.obj (.text:Timer1_init)
                  0000cafe    00000016     CC1101.obj (.text:CC1101_init)
                  0000cb14    00000016     main.obj (.text:GDO0_callback)
                  0000cb2a    00000016     rts430_eabi.lib : div16u.obj (.text)
                  0000cb40    00000014                     : copy_zero_init.obj (.text:decompress:ZI:__TI_zero_init)
                  0000cb54    00000012     SPI.obj (.text:SPI_wait)
                  0000cb66    00000012     Timer0_A3.obj (.text:Timer0_init)
                  0000cb78    00000012     rts430_eabi.lib : copy_decompress_none.obj (.text:decompress:none:__TI_decompress_none)
                  0000cb8a    00000012                     : memcpy.obj (.text:memcpy)
                  0000cb9c    00000010     GPIO.obj (.text:GPIO_PORT1_registerCallback)
                  0000cbac    00000010     GPIO.obj (.text:GPIO_PORT2_registerCallback)
                  0000cbbc    00000010     rts430_eabi.lib : epilog.obj (.text)
                  0000cbcc    0000000e     debug.obj (.text:UART_ISR)
                  0000cbda    0000000a     CC1101.obj (.text:CC1101_setReceive)
                  0000cbe4    00000006     rts430_eabi.lib : isr_trap.obj (.text:_isr:__TI_ISR_TRAP)
                  0000cbea    00000006                     : copy_decompress_rle.obj (.text:decompress:rle24:__TI_decompress_rle24)
                  0000cbf0    00000004                     : pre_init.obj (.text:_system_pre_init)
                  0000cbf4    00000004                     : exit.obj (.text:abort)

.const     0    0000cbf8    00000018     
                  0000cbf8    0000000a     USCI.obj (.const)
                  0000cc02    00000008     CC1101.obj (.const:.string:$P$T0$1)
                  0000cc0a    00000006     GPIO.obj (.const)

.cinit     0    0000cc10    00000020     
                  0000cc10    0000000d     (.cinit..data.load) [load image]
                  0000cc1d    00000001     --HOLE-- [fill = 0]
                  0000cc1e    00000006     (__TI_handler_table)
                  0000cc24    00000004     (.cinit..bss.load) [load image, compression = zero_init]
                  0000cc28    00000008     (__TI_cinit_table)

PORT1      0    0000ffe4    00000002     
                  0000ffe4    00000002     GPIO.obj (.int02)

PORT2      0    0000ffe6    00000002     
                  0000ffe6    00000002     GPIO.obj (.int03)

ADC10      0    0000ffea    00000002     
                  0000ffea    00000002     rts430_eabi.lib : int05.obj (.int05)

USCIAB0TX 
*          0    0000ffec    00000002     
                  0000ffec    00000002     rts430_eabi.lib : int06.obj (.int06)

USCIAB0RX 
*          0    0000ffee    00000002     
                  0000ffee    00000002     debug.obj (.int07)

TIMER0_A1 
*          0    0000fff0    00000002     
                  0000fff0    00000002     Timer0_A3.obj (.int08)

TIMER0_A0 
*          0    0000fff2    00000002     
                  0000fff2    00000002     Timer0_A3.obj (.int09)

WDT        0    0000fff4    00000002     
                  0000fff4    00000002     rts430_eabi.lib : int10.obj (.int10)

COMPARATORA 
*          0    0000fff6    00000002     
                  0000fff6    00000002     rts430_eabi.lib : int11.obj (.int11)

TIMER1_A1 
*          0    0000fff8    00000002     
                  0000fff8    00000002     Timer1_A3.obj (.int12)

TIMER1_A0 
*          0    0000fffa    00000002     
                  0000fffa    00000002     Timer1_A3.obj (.int13)

NMI        0    0000fffc    00000002     
                  0000fffc    00000002     rts430_eabi.lib : int14.obj (.int14)

.reset     0    0000fffe    00000002     
                  0000fffe    00000002     rts430_eabi.lib : boot.obj (.reset)


LINKER GENERATED COPY TABLES

__TI_cinit_table @ 0000cc28 records: 2, size/record: 4, table size: 8
	.data: load addr=0000cc10, load size=0000000d bytes, run addr=0000026e, run size=00000009 bytes, compression=copy
	.bss: load addr=0000cc24, load size=00000004 bytes, run addr=00000200, run size=0000006e bytes, compression=zero_init


LINKER GENERATED HANDLER TABLE

__TI_handler_table @ 0000cc1e records: 3, size/record: 2, table size: 6
	index: 0, handler: __TI_zero_init
	index: 1, handler: __TI_decompress_rle24
	index: 2, handler: __TI_decompress_none


GLOBAL SYMBOLS: SORTED ALPHABETICALLY BY Name 

address    name
--------   ----
0000004a   ADC10AE0
000001b0   ADC10CTL0
000001b2   ADC10CTL1
00000048   ADC10DTC0
00000049   ADC10DTC1
000001b4   ADC10MEM
000001bc   ADC10SA
0000c250   APP_GPIO_init
0000c3ce   APP_POST
00000057   BCSCTL1
00000058   BCSCTL2
00000053   BCSCTL3
0000cbf4   C$$EXIT
00000059   CACTL1
0000005a   CACTL2
000010fb   CALBC1_12MHZ
000010f9   CALBC1_16MHZ
000010ff   CALBC1_1MHZ
000010fd   CALBC1_8MHZ
000010fa   CALDCO_12MHZ
000010f8   CALDCO_16MHZ
000010fe   CALDCO_1MHZ
000010fc   CALDCO_8MHZ
0000005b   CAPD
0000c8ea   CC1101_getRSSI
0000cafe   CC1101_init
0000c570   CC1101_powerupReset
0000c4a6   CC1101_receivePacket
0000c988   CC1101_sendPacket
0000cbda   CC1101_setReceive
0000c000   CC1101_writeSettings
00000056   DCOCTL
00000128   FCTL1
0000012a   FCTL2
0000012c   FCTL3
00000276   FLAGS
0000cb14   GDO0_callback
0000cb9c   GPIO_PORT1_registerCallback
0000cbac   GPIO_PORT2_registerCallback
0000c2d2   GPIO_Port1_ISR
0000c350   GPIO_Port2_ISR
00000000   IE1
00000001   IE2
00000002   IFG1
00000003   IFG2
00000022   P1DIR
00000025   P1IE
00000024   P1IES
00000023   P1IFG
00000020   P1IN
00000021   P1OUT
00000027   P1REN
00000026   P1SEL
00000041   P1SEL2
0000002a   P2DIR
0000002d   P2IE
0000002c   P2IES
0000002b   P2IFG
00000028   P2IN
00000029   P2OUT
0000002f   P2REN
0000002e   P2SEL
00000042   P2SEL2
0000001a   P3DIR
00000018   P3IN
00000019   P3OUT
00000010   P3REN
0000001b   P3SEL
00000043   P3SEL2
0000c50e   SPI_readBurstReg
0000c920   SPI_readReg
0000c954   SPI_readStatus
0000c6e4   SPI_setup
0000ca8c   SPI_strobe
0000cb54   SPI_wait
0000c730   SPI_writeBurstReg
0000c9b8   SPI_writeReg
0000caae   SW2_callback
00000172   TA0CCR0
00000174   TA0CCR1
00000176   TA0CCR2
00000162   TA0CCTL0
00000164   TA0CCTL1
00000166   TA0CCTL2
00000160   TA0CTL
0000012e   TA0IV
00000170   TA0R
00000192   TA1CCR0
00000194   TA1CCR1
00000196   TA1CCR2
00000182   TA1CCTL0
00000184   TA1CCTL1
00000186   TA1CCTL2
00000180   TA1CTL
0000011e   TA1IV
00000190   TA1R
000010db   TLV_ADC10_1_LEN
000010da   TLV_ADC10_1_TAG
000010c0   TLV_CHECKSUM
000010f7   TLV_DCO_30_LEN
000010f6   TLV_DCO_30_TAG
0000ca3c   Timer0_A0_ISR
0000c774   Timer0_A1_ISR
0000cb66   Timer0_init
0000ca64   Timer1_A0_ISR
0000c7b6   Timer1_A1_ISR
0000cae6   Timer1_init
0000cbcc   UART_ISR
0000005d   UCA0ABCTL
00000062   UCA0BR0
00000063   UCA0BR1
00000060   UCA0CTL0
00000061   UCA0CTL1
0000005f   UCA0IRRCTL
0000005e   UCA0IRTCTL
00000064   UCA0MCTL
00000066   UCA0RXBUF
00000065   UCA0STAT
00000067   UCA0TXBUF
0000006a   UCB0BR0
0000006b   UCB0BR1
00000068   UCB0CTL0
00000069   UCB0CTL1
0000006c   UCB0I2CIE
00000118   UCB0I2COA
0000011a   UCB0I2CSA
0000006e   UCB0RXBUF
0000006d   UCB0STAT
0000006f   UCB0TXBUF
0000c43a   USCI_A0_init_UART
00000120   WDTCTL
00000400   __STACK_END
00000050   __STACK_SIZE
0000cc28   __TI_CINIT_Base
0000cc30   __TI_CINIT_Limit
0000cc1e   __TI_Handler_Table_Base
0000cc24   __TI_Handler_Table_Limit
UNDEFED    __TI_INITARRAY_Base
UNDEFED    __TI_INITARRAY_Limit
0000cbe4   __TI_ISR_TRAP
00000001   __TI_args_main
0000cb78   __TI_decompress_none
0000cbea   __TI_decompress_rle24
00000001   __TI_exit
0000ffe4   __TI_int02
0000ffe6   __TI_int03
0000ffea   __TI_int05
0000ffec   __TI_int06
0000ffee   __TI_int07
0000fff0   __TI_int08
0000fff2   __TI_int09
0000fff4   __TI_int10
0000fff6   __TI_int11
0000fff8   __TI_int12
0000fffa   __TI_int13
0000fffc   __TI_int14
0000cb40   __TI_zero_init
ffffffff   __binit__
ffffffff   __c_args__
0000c9e4   __mspabi_divi
0000c7f8   __mspabi_divli
0000cb2a   __mspabi_divu
0000c68c   __mspabi_divul
0000cbc8   __mspabi_func_epilog_1
0000cbc6   __mspabi_func_epilog_2
0000cbc4   __mspabi_func_epilog_3
0000cbc2   __mspabi_func_epilog_4
0000cbc0   __mspabi_func_epilog_5
0000cbbe   __mspabi_func_epilog_6
0000cbbc   __mspabi_func_epilog_7
0000c9e4   __mspabi_remi
0000c7f8   __mspabi_remli
0000cb2a   __mspabi_remu
0000c68c   __mspabi_remul
0000ca10   __mspabi_slli
0000ca38   __mspabi_slli_1
0000ca26   __mspabi_slli_10
0000ca24   __mspabi_slli_11
0000ca22   __mspabi_slli_12
0000ca20   __mspabi_slli_13
0000ca1e   __mspabi_slli_14
0000ca1c   __mspabi_slli_15
0000ca36   __mspabi_slli_2
0000ca34   __mspabi_slli_3
0000ca32   __mspabi_slli_4
0000ca30   __mspabi_slli_5
0000ca2e   __mspabi_slli_6
0000ca2c   __mspabi_slli_7
0000ca2a   __mspabi_slli_8
0000ca28   __mspabi_slli_9
0000c870   __mspabi_sral_1
0000c84c   __mspabi_sral_10
0000c848   __mspabi_sral_11
0000c844   __mspabi_sral_12
0000c840   __mspabi_sral_13
0000c83c   __mspabi_sral_14
0000c838   __mspabi_sral_15
0000c86c   __mspabi_sral_2
0000c868   __mspabi_sral_3
0000c864   __mspabi_sral_4
0000c860   __mspabi_sral_5
0000c85c   __mspabi_sral_6
0000c858   __mspabi_sral_7
0000c854   __mspabi_sral_8
0000c850   __mspabi_sral_9
0000c62e   _auto_init
0000cacc   _c_int00
0000cacc   _c_int00_noexit
0000fffe   _reset_vector
000003b0   _stack
0000cbf0   _system_pre_init
0000cbf4   abort
ffffffff   binit
0000c876   gpio_port1_init
0000c8b0   gpio_port2_init
0000c12a   main
0000cb8a   memcpy
0000cc0a   p_PORT1
0000cc0c   p_PORT2
0000cc0e   p_PORT3
0000cbf8   p_USCI_A0_UART_CONTROL
0000cbfc   p_USCI_A0_UART_PORT
0000cbfa   p_USCI_B0_SPI_CONTROL
0000cbfe   p_USCI_B0_SPI_PORT
0000cc00   p_USCI_INTERRUPT
00000260   rxBuffer
0000026e   string
0000026c   timer0_A0_LPM_bits
00000268   timer0_A0_callback
00000250   timer0_A1_LPM_bits
00000220   timer0_A1_callback
0000026d   timer1_A0_LPM_bits
0000026a   timer1_A0_callback
00000258   timer1_A1_LPM_bits
00000230   timer1_A1_callback
00000264   txBuffer


GLOBAL SYMBOLS: SORTED BY Symbol Address 

address    name
--------   ----
00000000   IE1
00000001   IE2
00000001   __TI_args_main
00000001   __TI_exit
00000002   IFG1
00000003   IFG2
00000010   P3REN
00000018   P3IN
00000019   P3OUT
0000001a   P3DIR
0000001b   P3SEL
00000020   P1IN
00000021   P1OUT
00000022   P1DIR
00000023   P1IFG
00000024   P1IES
00000025   P1IE
00000026   P1SEL
00000027   P1REN
00000028   P2IN
00000029   P2OUT
0000002a   P2DIR
0000002b   P2IFG
0000002c   P2IES
0000002d   P2IE
0000002e   P2SEL
0000002f   P2REN
00000041   P1SEL2
00000042   P2SEL2
00000043   P3SEL2
00000048   ADC10DTC0
00000049   ADC10DTC1
0000004a   ADC10AE0
00000050   __STACK_SIZE
00000053   BCSCTL3
00000056   DCOCTL
00000057   BCSCTL1
00000058   BCSCTL2
00000059   CACTL1
0000005a   CACTL2
0000005b   CAPD
0000005d   UCA0ABCTL
0000005e   UCA0IRTCTL
0000005f   UCA0IRRCTL
00000060   UCA0CTL0
00000061   UCA0CTL1
00000062   UCA0BR0
00000063   UCA0BR1
00000064   UCA0MCTL
00000065   UCA0STAT
00000066   UCA0RXBUF
00000067   UCA0TXBUF
00000068   UCB0CTL0
00000069   UCB0CTL1
0000006a   UCB0BR0
0000006b   UCB0BR1
0000006c   UCB0I2CIE
0000006d   UCB0STAT
0000006e   UCB0RXBUF
0000006f   UCB0TXBUF
00000118   UCB0I2COA
0000011a   UCB0I2CSA
0000011e   TA1IV
00000120   WDTCTL
00000128   FCTL1
0000012a   FCTL2
0000012c   FCTL3
0000012e   TA0IV
00000160   TA0CTL
00000162   TA0CCTL0
00000164   TA0CCTL1
00000166   TA0CCTL2
00000170   TA0R
00000172   TA0CCR0
00000174   TA0CCR1
00000176   TA0CCR2
00000180   TA1CTL
00000182   TA1CCTL0
00000184   TA1CCTL1
00000186   TA1CCTL2
00000190   TA1R
00000192   TA1CCR0
00000194   TA1CCR1
00000196   TA1CCR2
000001b0   ADC10CTL0
000001b2   ADC10CTL1
000001b4   ADC10MEM
000001bc   ADC10SA
00000220   timer0_A1_callback
00000230   timer1_A1_callback
00000250   timer0_A1_LPM_bits
00000258   timer1_A1_LPM_bits
00000260   rxBuffer
00000264   txBuffer
00000268   timer0_A0_callback
0000026a   timer1_A0_callback
0000026c   timer0_A0_LPM_bits
0000026d   timer1_A0_LPM_bits
0000026e   string
00000276   FLAGS
000003b0   _stack
00000400   __STACK_END
000010c0   TLV_CHECKSUM
000010da   TLV_ADC10_1_TAG
000010db   TLV_ADC10_1_LEN
000010f6   TLV_DCO_30_TAG
000010f7   TLV_DCO_30_LEN
000010f8   CALDCO_16MHZ
000010f9   CALBC1_16MHZ
000010fa   CALDCO_12MHZ
000010fb   CALBC1_12MHZ
000010fc   CALDCO_8MHZ
000010fd   CALBC1_8MHZ
000010fe   CALDCO_1MHZ
000010ff   CALBC1_1MHZ
0000c000   CC1101_writeSettings
0000c12a   main
0000c250   APP_GPIO_init
0000c2d2   GPIO_Port1_ISR
0000c350   GPIO_Port2_ISR
0000c3ce   APP_POST
0000c43a   USCI_A0_init_UART
0000c4a6   CC1101_receivePacket
0000c50e   SPI_readBurstReg
0000c570   CC1101_powerupReset
0000c62e   _auto_init
0000c68c   __mspabi_divul
0000c68c   __mspabi_remul
0000c6e4   SPI_setup
0000c730   SPI_writeBurstReg
0000c774   Timer0_A1_ISR
0000c7b6   Timer1_A1_ISR
0000c7f8   __mspabi_divli
0000c7f8   __mspabi_remli
0000c838   __mspabi_sral_15
0000c83c   __mspabi_sral_14
0000c840   __mspabi_sral_13
0000c844   __mspabi_sral_12
0000c848   __mspabi_sral_11
0000c84c   __mspabi_sral_10
0000c850   __mspabi_sral_9
0000c854   __mspabi_sral_8
0000c858   __mspabi_sral_7
0000c85c   __mspabi_sral_6
0000c860   __mspabi_sral_5
0000c864   __mspabi_sral_4
0000c868   __mspabi_sral_3
0000c86c   __mspabi_sral_2
0000c870   __mspabi_sral_1
0000c876   gpio_port1_init
0000c8b0   gpio_port2_init
0000c8ea   CC1101_getRSSI
0000c920   SPI_readReg
0000c954   SPI_readStatus
0000c988   CC1101_sendPacket
0000c9b8   SPI_writeReg
0000c9e4   __mspabi_divi
0000c9e4   __mspabi_remi
0000ca10   __mspabi_slli
0000ca1c   __mspabi_slli_15
0000ca1e   __mspabi_slli_14
0000ca20   __mspabi_slli_13
0000ca22   __mspabi_slli_12
0000ca24   __mspabi_slli_11
0000ca26   __mspabi_slli_10
0000ca28   __mspabi_slli_9
0000ca2a   __mspabi_slli_8
0000ca2c   __mspabi_slli_7
0000ca2e   __mspabi_slli_6
0000ca30   __mspabi_slli_5
0000ca32   __mspabi_slli_4
0000ca34   __mspabi_slli_3
0000ca36   __mspabi_slli_2
0000ca38   __mspabi_slli_1
0000ca3c   Timer0_A0_ISR
0000ca64   Timer1_A0_ISR
0000ca8c   SPI_strobe
0000caae   SW2_callback
0000cacc   _c_int00
0000cacc   _c_int00_noexit
0000cae6   Timer1_init
0000cafe   CC1101_init
0000cb14   GDO0_callback
0000cb2a   __mspabi_divu
0000cb2a   __mspabi_remu
0000cb40   __TI_zero_init
0000cb54   SPI_wait
0000cb66   Timer0_init
0000cb78   __TI_decompress_none
0000cb8a   memcpy
0000cb9c   GPIO_PORT1_registerCallback
0000cbac   GPIO_PORT2_registerCallback
0000cbbc   __mspabi_func_epilog_7
0000cbbe   __mspabi_func_epilog_6
0000cbc0   __mspabi_func_epilog_5
0000cbc2   __mspabi_func_epilog_4
0000cbc4   __mspabi_func_epilog_3
0000cbc6   __mspabi_func_epilog_2
0000cbc8   __mspabi_func_epilog_1
0000cbcc   UART_ISR
0000cbda   CC1101_setReceive
0000cbe4   __TI_ISR_TRAP
0000cbea   __TI_decompress_rle24
0000cbf0   _system_pre_init
0000cbf4   C$$EXIT
0000cbf4   abort
0000cbf8   p_USCI_A0_UART_CONTROL
0000cbfa   p_USCI_B0_SPI_CONTROL
0000cbfc   p_USCI_A0_UART_PORT
0000cbfe   p_USCI_B0_SPI_PORT
0000cc00   p_USCI_INTERRUPT
0000cc0a   p_PORT1
0000cc0c   p_PORT2
0000cc0e   p_PORT3
0000cc1e   __TI_Handler_Table_Base
0000cc24   __TI_Handler_Table_Limit
0000cc28   __TI_CINIT_Base
0000cc30   __TI_CINIT_Limit
0000ffe4   __TI_int02
0000ffe6   __TI_int03
0000ffea   __TI_int05
0000ffec   __TI_int06
0000ffee   __TI_int07
0000fff0   __TI_int08
0000fff2   __TI_int09
0000fff4   __TI_int10
0000fff6   __TI_int11
0000fff8   __TI_int12
0000fffa   __TI_int13
0000fffc   __TI_int14
0000fffe   _reset_vector
ffffffff   __binit__
ffffffff   __c_args__
ffffffff   binit
UNDEFED    __TI_INITARRAY_Base
UNDEFED    __TI_INITARRAY_Limit

[236 symbols]
