******************************************************************************
                  MSP430 Linker PC v4.3.5                      
******************************************************************************
>> Linked Fri Jan 02 14:55:42 2015

OUTPUT FILE NAME:   <E07-M1101S_V2.out>
ENTRY POINT SYMBOL: "_c_int00"  address: 0000cb0e


MEMORY CONFIGURATION

         name            origin    length      used     unused   attr    fill
----------------------  --------  ---------  --------  --------  ----  --------
  SFR                   00000000   00000010  00000000  00000010  RWIX
  PERIPHERALS_8BIT      00000010   000000f0  00000000  000000f0  RWIX
  PERIPHERALS_16BIT     00000100   00000100  00000000  00000100  RWIX
  RAM                   00000200   00000200  000000c7  00000139  RWIX
  INFOD                 00001000   00000040  00000000  00000040  RWIX
  INFOC                 00001040   00000040  00000000  00000040  RWIX
  INFOB                 00001080   00000040  00000000  00000040  RWIX
  INFOA                 000010c0   00000040  00000000  00000040  RWIX
  FLASH                 0000c000   00003fe0  00000c72  0000336e  RWIX
  INT00                 0000ffe0   00000002  00000000  00000002  RWIX
  INT01                 0000ffe2   00000002  00000000  00000002  RWIX
  INT02                 0000ffe4   00000002  00000002  00000000  RWIX
  INT03                 0000ffe6   00000002  00000002  00000000  RWIX
  INT04                 0000ffe8   00000002  00000000  00000002  RWIX
  INT05                 0000ffea   00000002  00000002  00000000  RWIX
  INT06                 0000ffec   00000002  00000002  00000000  RWIX
  INT07                 0000ffee   00000002  00000002  00000000  RWIX
  INT08                 0000fff0   00000002  00000002  00000000  RWIX
  INT09                 0000fff2   00000002  00000002  00000000  RWIX
  INT10                 0000fff4   00000002  00000002  00000000  RWIX
  INT11                 0000fff6   00000002  00000002  00000000  RWIX
  INT12                 0000fff8   00000002  00000002  00000000  RWIX
  INT13                 0000fffa   00000002  00000002  00000000  RWIX
  INT14                 0000fffc   00000002  00000002  00000000  RWIX
  RESET                 0000fffe   00000002  00000002  00000000  RWIX


SECTION ALLOCATION MAP

 output                                  attributes/
section   page    origin      length       input sections
--------  ----  ----------  ----------   ----------------
.init_array 
*          0    0000c000    00000000     UNINITIALIZED

.bss       0    00000200    0000006e     UNINITIALIZED
                  00000200    00000010     (.common:GPIO_PORT1_callback)
                  00000210    00000010     (.common:GPIO_PORT2_callback)
                  00000220    00000010     (.common:timer0_A1_callback)
                  00000230    00000010     (.common:timer1_A1_callback)
                  00000240    00000008     (.common:GPIO_PORT1_LPM_bits)
                  00000248    00000008     (.common:GPIO_PORT2_LPM_bits)
                  00000250    00000008     (.common:timer0_A1_LPM_bits)
                  00000258    00000008     (.common:timer1_A1_LPM_bits)
                  00000260    00000004     (.common:rxBuffer)
                  00000264    00000004     (.common:txBuffer)
                  00000268    00000002     (.common:timer0_A0_callback)
                  0000026a    00000002     (.common:timer1_A0_callback)
                  0000026c    00000001     (.common:timer0_A0_LPM_bits)
                  0000026d    00000001     (.common:timer1_A0_LPM_bits)

.TI.noinit 
*          0    00000200    00000000     UNINITIALIZED

.data      0    0000026e    00000009     UNINITIALIZED
                  0000026e    00000008     main.obj (.data:string)
                  00000276    00000001     main.obj (.data)

.TI.persistent 
*          0    0000026e    00000000     UNINITIALIZED

.stack     0    000003b0    00000050     UNINITIALIZED
                  000003b0    00000002     rts430_eabi.lib : boot.obj (.stack)
                  000003b2    0000004e     --HOLE--

.text      0    0000c000    00000c3a     
                  0000c000    00000134     main.obj (.text:main)
                  0000c134    00000116     CC1101.obj (.text:CC1101_writeSettings)
                  0000c24a    00000082     main.obj (.text:APP_GPIO_init)
                  0000c2cc    0000007e     GPIO.obj (.text:GPIO_Port1_ISR)
                  0000c34a    0000007e     GPIO.obj (.text:GPIO_Port2_ISR)
                  0000c3c8    0000006e     SPI.obj (.text:SPI_readBurstReg)
                  0000c436    0000006c     main.obj (.text:APP_POST)
                  0000c4a2    0000006c     USCI.obj (.text:USCI_A0_init_UART)
                  0000c50e    00000068     CC1101.obj (.text:CC1101_receivePacket)
                  0000c576    00000060     CC1101.obj (.text:CC1101_powerupReset)
                  0000c5d6    0000005e     rts430_eabi.lib : copy_decompress_rle.obj (.text:__TI_decompress_rle_core)
                  0000c634    0000005e                     : autoinit.obj (.text:_auto_init)
                  0000c692    00000058                     : div32u.obj (.text)
                  0000c6ea    00000050     SPI.obj (.text:SPI_writeBurstReg)
                  0000c73a    0000004c     SPI.obj (.text:SPI_setup)
                  0000c786    00000042     Timer0_A3.obj (.text:Timer0_A1_ISR)
                  0000c7c8    00000042     Timer1_A3.obj (.text:Timer1_A1_ISR)
                  0000c80a    00000040     SPI.obj (.text:SPI_readReg)
                  0000c84a    00000040     SPI.obj (.text:SPI_readStatus)
                  0000c88a    00000040     rts430_eabi.lib : div32s.obj (.text)
                  0000c8ca    0000003e                     : asr32.obj (.text:l_asr_const)
                  0000c908    0000003a     GPIO.obj (.text:gpio_port1_init)
                  0000c942    0000003a     GPIO.obj (.text:gpio_port2_init)
                  0000c97c    00000038     SPI.obj (.text:SPI_writeReg)
                  0000c9b4    00000036     CC1101.obj (.text:CC1101_getRSSI)
                  0000c9ea    00000030     CC1101.obj (.text:CC1101_sendPacket)
                  0000ca1a    0000002e     SPI.obj (.text:SPI_strobe)
                  0000ca48    0000002c     rts430_eabi.lib : div16s.obj (.text)
                  0000ca74    0000002c                     : lsl16.obj (.text)
                  0000caa0    00000028     Timer0_A3.obj (.text:Timer0_A0_ISR)
                  0000cac8    00000028     Timer1_A3.obj (.text:Timer1_A0_ISR)
                  0000caf0    0000001e     main.obj (.text:SW2_callback)
                  0000cb0e    0000001a     rts430_eabi.lib : boot.obj (.text:_c_int00_noexit)
                  0000cb28    00000018     Timer1_A3.obj (.text:Timer1_init)
                  0000cb40    00000016     CC1101.obj (.text:CC1101_init)
                  0000cb56    00000016     main.obj (.text:GDO0_callback)
                  0000cb6c    00000016     rts430_eabi.lib : div16u.obj (.text)
                  0000cb82    00000014                     : copy_zero_init.obj (.text:decompress:ZI:__TI_zero_init)
                  0000cb96    00000012     SPI.obj (.text:SPI_wait)
                  0000cba8    00000012     Timer0_A3.obj (.text:Timer0_init)
                  0000cbba    00000012     rts430_eabi.lib : copy_decompress_none.obj (.text:decompress:none:__TI_decompress_none)
                  0000cbcc    00000012                     : memcpy.obj (.text:memcpy)
                  0000cbde    00000010     GPIO.obj (.text:GPIO_PORT1_registerCallback)
                  0000cbee    00000010     GPIO.obj (.text:GPIO_PORT2_registerCallback)
                  0000cbfe    00000010     rts430_eabi.lib : epilog.obj (.text)
                  0000cc0e    0000000e     debug.obj (.text:UART_ISR)
                  0000cc1c    0000000a     CC1101.obj (.text:CC1101_setReceive)
                  0000cc26    00000006     rts430_eabi.lib : isr_trap.obj (.text:_isr:__TI_ISR_TRAP)
                  0000cc2c    00000006                     : copy_decompress_rle.obj (.text:decompress:rle24:__TI_decompress_rle24)
                  0000cc32    00000004                     : pre_init.obj (.text:_system_pre_init)
                  0000cc36    00000004                     : exit.obj (.text:abort)

.const     0    0000cc3a    00000018     
                  0000cc3a    0000000a     USCI.obj (.const)
                  0000cc44    00000008     CC1101.obj (.const:.string:$P$T0$1)
                  0000cc4c    00000006     GPIO.obj (.const)

.cinit     0    0000cc52    00000020     
                  0000cc52    0000000d     (.cinit..data.load) [load image]
                  0000cc5f    00000001     --HOLE-- [fill = 0]
                  0000cc60    00000006     (__TI_handler_table)
                  0000cc66    00000004     (.cinit..bss.load) [load image, compression = zero_init]
                  0000cc6a    00000008     (__TI_cinit_table)

PORT1      0    0000ffe4    00000002     
                  0000ffe4    00000002     GPIO.obj (.int02)

PORT2      0    0000ffe6    00000002     
                  0000ffe6    00000002     GPIO.obj (.int03)

ADC10      0    0000ffea    00000002     
                  0000ffea    00000002     rts430_eabi.lib : int05.obj (.int05)

USCIAB0TX 
*          0    0000ffec    00000002     
                  0000ffec    00000002     rts430_eabi.lib : int06.obj (.int06)

USCIAB0RX 
*          0    0000ffee    00000002     
                  0000ffee    00000002     debug.obj (.int07)

TIMER0_A1 
*          0    0000fff0    00000002     
                  0000fff0    00000002     Timer0_A3.obj (.int08)

TIMER0_A0 
*          0    0000fff2    00000002     
                  0000fff2    00000002     Timer0_A3.obj (.int09)

WDT        0    0000fff4    00000002     
                  0000fff4    00000002     rts430_eabi.lib : int10.obj (.int10)

COMPARATORA 
*          0    0000fff6    00000002     
                  0000fff6    00000002     rts430_eabi.lib : int11.obj (.int11)

TIMER1_A1 
*          0    0000fff8    00000002     
                  0000fff8    00000002     Timer1_A3.obj (.int12)

TIMER1_A0 
*          0    0000fffa    00000002     
                  0000fffa    00000002     Timer1_A3.obj (.int13)

NMI        0    0000fffc    00000002     
                  0000fffc    00000002     rts430_eabi.lib : int14.obj (.int14)

.reset     0    0000fffe    00000002     
                  0000fffe    00000002     rts430_eabi.lib : boot.obj (.reset)


LINKER GENERATED COPY TABLES

__TI_cinit_table @ 0000cc6a records: 2, size/record: 4, table size: 8
	.data: load addr=0000cc52, load size=0000000d bytes, run addr=0000026e, run size=00000009 bytes, compression=copy
	.bss: load addr=0000cc66, load size=00000004 bytes, run addr=00000200, run size=0000006e bytes, compression=zero_init


LINKER GENERATED HANDLER TABLE

__TI_handler_table @ 0000cc60 records: 3, size/record: 2, table size: 6
	index: 0, handler: __TI_zero_init
	index: 1, handler: __TI_decompress_rle24
	index: 2, handler: __TI_decompress_none


GLOBAL SYMBOLS: SORTED ALPHABETICALLY BY Name 

address    name
--------   ----
0000004a   ADC10AE0
000001b0   ADC10CTL0
000001b2   ADC10CTL1
00000048   ADC10DTC0
00000049   ADC10DTC1
000001b4   ADC10MEM
000001bc   ADC10SA
0000c24a   APP_GPIO_init
0000c436   APP_POST
00000057   BCSCTL1
00000058   BCSCTL2
00000053   BCSCTL3
0000cc36   C$$EXIT
00000059   CACTL1
0000005a   CACTL2
000010fb   CALBC1_12MHZ
000010f9   CALBC1_16MHZ
000010ff   CALBC1_1MHZ
000010fd   CALBC1_8MHZ
000010fa   CALDCO_12MHZ
000010f8   CALDCO_16MHZ
000010fe   CALDCO_1MHZ
000010fc   CALDCO_8MHZ
0000005b   CAPD
0000c9b4   CC1101_getRSSI
0000cb40   CC1101_init
0000c576   CC1101_powerupReset
0000c50e   CC1101_receivePacket
0000c9ea   CC1101_sendPacket
0000cc1c   CC1101_setReceive
0000c134   CC1101_writeSettings
00000056   DCOCTL
00000128   FCTL1
0000012a   FCTL2
0000012c   FCTL3
00000276   FLAGS
0000cb56   GDO0_callback
0000cbde   GPIO_PORT1_registerCallback
0000cbee   GPIO_PORT2_registerCallback
0000c2cc   GPIO_Port1_ISR
0000c34a   GPIO_Port2_ISR
00000000   IE1
00000001   IE2
00000002   IFG1
00000003   IFG2
00000022   P1DIR
00000025   P1IE
00000024   P1IES
00000023   P1IFG
00000020   P1IN
00000021   P1OUT
00000027   P1REN
00000026   P1SEL
00000041   P1SEL2
0000002a   P2DIR
0000002d   P2IE
0000002c   P2IES
0000002b   P2IFG
00000028   P2IN
00000029   P2OUT
0000002f   P2REN
0000002e   P2SEL
00000042   P2SEL2
0000001a   P3DIR
00000018   P3IN
00000019   P3OUT
00000010   P3REN
0000001b   P3SEL
00000043   P3SEL2
0000c3c8   SPI_readBurstReg
0000c80a   SPI_readReg
0000c84a   SPI_readStatus
0000c73a   SPI_setup
0000ca1a   SPI_strobe
0000cb96   SPI_wait
0000c6ea   SPI_writeBurstReg
0000c97c   SPI_writeReg
0000caf0   SW2_callback
00000172   TA0CCR0
00000174   TA0CCR1
00000176   TA0CCR2
00000162   TA0CCTL0
00000164   TA0CCTL1
00000166   TA0CCTL2
00000160   TA0CTL
0000012e   TA0IV
00000170   TA0R
00000192   TA1CCR0
00000194   TA1CCR1
00000196   TA1CCR2
00000182   TA1CCTL0
00000184   TA1CCTL1
00000186   TA1CCTL2
00000180   TA1CTL
0000011e   TA1IV
00000190   TA1R
000010db   TLV_ADC10_1_LEN
000010da   TLV_ADC10_1_TAG
000010c0   TLV_CHECKSUM
000010f7   TLV_DCO_30_LEN
000010f6   TLV_DCO_30_TAG
0000caa0   Timer0_A0_ISR
0000c786   Timer0_A1_ISR
0000cba8   Timer0_init
0000cac8   Timer1_A0_ISR
0000c7c8   Timer1_A1_ISR
0000cb28   Timer1_init
0000cc0e   UART_ISR
0000005d   UCA0ABCTL
00000062   UCA0BR0
00000063   UCA0BR1
00000060   UCA0CTL0
00000061   UCA0CTL1
0000005f   UCA0IRRCTL
0000005e   UCA0IRTCTL
00000064   UCA0MCTL
00000066   UCA0RXBUF
00000065   UCA0STAT
00000067   UCA0TXBUF
0000006a   UCB0BR0
0000006b   UCB0BR1
00000068   UCB0CTL0
00000069   UCB0CTL1
0000006c   UCB0I2CIE
00000118   UCB0I2COA
0000011a   UCB0I2CSA
0000006e   UCB0RXBUF
0000006d   UCB0STAT
0000006f   UCB0TXBUF
0000c4a2   USCI_A0_init_UART
00000120   WDTCTL
00000400   __STACK_END
00000050   __STACK_SIZE
0000cc6a   __TI_CINIT_Base
0000cc72   __TI_CINIT_Limit
0000cc60   __TI_Handler_Table_Base
0000cc66   __TI_Handler_Table_Limit
UNDEFED    __TI_INITARRAY_Base
UNDEFED    __TI_INITARRAY_Limit
0000cc26   __TI_ISR_TRAP
00000001   __TI_args_main
0000cbba   __TI_decompress_none
0000cc2c   __TI_decompress_rle24
00000001   __TI_exit
0000ffe4   __TI_int02
0000ffe6   __TI_int03
0000ffea   __TI_int05
0000ffec   __TI_int06
0000ffee   __TI_int07
0000fff0   __TI_int08
0000fff2   __TI_int09
0000fff4   __TI_int10
0000fff6   __TI_int11
0000fff8   __TI_int12
0000fffa   __TI_int13
0000fffc   __TI_int14
0000cb82   __TI_zero_init
ffffffff   __binit__
ffffffff   __c_args__
0000ca48   __mspabi_divi
0000c88a   __mspabi_divli
0000cb6c   __mspabi_divu
0000c692   __mspabi_divul
0000cc0a   __mspabi_func_epilog_1
0000cc08   __mspabi_func_epilog_2
0000cc06   __mspabi_func_epilog_3
0000cc04   __mspabi_func_epilog_4
0000cc02   __mspabi_func_epilog_5
0000cc00   __mspabi_func_epilog_6
0000cbfe   __mspabi_func_epilog_7
0000ca48   __mspabi_remi
0000c88a   __mspabi_remli
0000cb6c   __mspabi_remu
0000c692   __mspabi_remul
0000ca74   __mspabi_slli
0000ca9c   __mspabi_slli_1
0000ca8a   __mspabi_slli_10
0000ca88   __mspabi_slli_11
0000ca86   __mspabi_slli_12
0000ca84   __mspabi_slli_13
0000ca82   __mspabi_slli_14
0000ca80   __mspabi_slli_15
0000ca9a   __mspabi_slli_2
0000ca98   __mspabi_slli_3
0000ca96   __mspabi_slli_4
0000ca94   __mspabi_slli_5
0000ca92   __mspabi_slli_6
0000ca90   __mspabi_slli_7
0000ca8e   __mspabi_slli_8
0000ca8c   __mspabi_slli_9
0000c902   __mspabi_sral_1
0000c8de   __mspabi_sral_10
0000c8da   __mspabi_sral_11
0000c8d6   __mspabi_sral_12
0000c8d2   __mspabi_sral_13
0000c8ce   __mspabi_sral_14
0000c8ca   __mspabi_sral_15
0000c8fe   __mspabi_sral_2
0000c8fa   __mspabi_sral_3
0000c8f6   __mspabi_sral_4
0000c8f2   __mspabi_sral_5
0000c8ee   __mspabi_sral_6
0000c8ea   __mspabi_sral_7
0000c8e6   __mspabi_sral_8
0000c8e2   __mspabi_sral_9
0000c634   _auto_init
0000cb0e   _c_int00
0000cb0e   _c_int00_noexit
0000fffe   _reset_vector
000003b0   _stack
0000cc32   _system_pre_init
0000cc36   abort
ffffffff   binit
0000c908   gpio_port1_init
0000c942   gpio_port2_init
0000c000   main
0000cbcc   memcpy
0000cc4c   p_PORT1
0000cc4e   p_PORT2
0000cc50   p_PORT3
0000cc3a   p_USCI_A0_UART_CONTROL
0000cc3e   p_USCI_A0_UART_PORT
0000cc3c   p_USCI_B0_SPI_CONTROL
0000cc40   p_USCI_B0_SPI_PORT
0000cc42   p_USCI_INTERRUPT
00000260   rxBuffer
0000026e   string
0000026c   timer0_A0_LPM_bits
00000268   timer0_A0_callback
00000250   timer0_A1_LPM_bits
00000220   timer0_A1_callback
0000026d   timer1_A0_LPM_bits
0000026a   timer1_A0_callback
00000258   timer1_A1_LPM_bits
00000230   timer1_A1_callback
00000264   txBuffer


GLOBAL SYMBOLS: SORTED BY Symbol Address 

address    name
--------   ----
00000000   IE1
00000001   IE2
00000001   __TI_args_main
00000001   __TI_exit
00000002   IFG1
00000003   IFG2
00000010   P3REN
00000018   P3IN
00000019   P3OUT
0000001a   P3DIR
0000001b   P3SEL
00000020   P1IN
00000021   P1OUT
00000022   P1DIR
00000023   P1IFG
00000024   P1IES
00000025   P1IE
00000026   P1SEL
00000027   P1REN
00000028   P2IN
00000029   P2OUT
0000002a   P2DIR
0000002b   P2IFG
0000002c   P2IES
0000002d   P2IE
0000002e   P2SEL
0000002f   P2REN
00000041   P1SEL2
00000042   P2SEL2
00000043   P3SEL2
00000048   ADC10DTC0
00000049   ADC10DTC1
0000004a   ADC10AE0
00000050   __STACK_SIZE
00000053   BCSCTL3
00000056   DCOCTL
00000057   BCSCTL1
00000058   BCSCTL2
00000059   CACTL1
0000005a   CACTL2
0000005b   CAPD
0000005d   UCA0ABCTL
0000005e   UCA0IRTCTL
0000005f   UCA0IRRCTL
00000060   UCA0CTL0
00000061   UCA0CTL1
00000062   UCA0BR0
00000063   UCA0BR1
00000064   UCA0MCTL
00000065   UCA0STAT
00000066   UCA0RXBUF
00000067   UCA0TXBUF
00000068   UCB0CTL0
00000069   UCB0CTL1
0000006a   UCB0BR0
0000006b   UCB0BR1
0000006c   UCB0I2CIE
0000006d   UCB0STAT
0000006e   UCB0RXBUF
0000006f   UCB0TXBUF
00000118   UCB0I2COA
0000011a   UCB0I2CSA
0000011e   TA1IV
00000120   WDTCTL
00000128   FCTL1
0000012a   FCTL2
0000012c   FCTL3
0000012e   TA0IV
00000160   TA0CTL
00000162   TA0CCTL0
00000164   TA0CCTL1
00000166   TA0CCTL2
00000170   TA0R
00000172   TA0CCR0
00000174   TA0CCR1
00000176   TA0CCR2
00000180   TA1CTL
00000182   TA1CCTL0
00000184   TA1CCTL1
00000186   TA1CCTL2
00000190   TA1R
00000192   TA1CCR0
00000194   TA1CCR1
00000196   TA1CCR2
000001b0   ADC10CTL0
000001b2   ADC10CTL1
000001b4   ADC10MEM
000001bc   ADC10SA
00000220   timer0_A1_callback
00000230   timer1_A1_callback
00000250   timer0_A1_LPM_bits
00000258   timer1_A1_LPM_bits
00000260   rxBuffer
00000264   txBuffer
00000268   timer0_A0_callback
0000026a   timer1_A0_callback
0000026c   timer0_A0_LPM_bits
0000026d   timer1_A0_LPM_bits
0000026e   string
00000276   FLAGS
000003b0   _stack
00000400   __STACK_END
000010c0   TLV_CHECKSUM
000010da   TLV_ADC10_1_TAG
000010db   TLV_ADC10_1_LEN
000010f6   TLV_DCO_30_TAG
000010f7   TLV_DCO_30_LEN
000010f8   CALDCO_16MHZ
000010f9   CALBC1_16MHZ
000010fa   CALDCO_12MHZ
000010fb   CALBC1_12MHZ
000010fc   CALDCO_8MHZ
000010fd   CALBC1_8MHZ
000010fe   CALDCO_1MHZ
000010ff   CALBC1_1MHZ
0000c000   main
0000c134   CC1101_writeSettings
0000c24a   APP_GPIO_init
0000c2cc   GPIO_Port1_ISR
0000c34a   GPIO_Port2_ISR
0000c3c8   SPI_readBurstReg
0000c436   APP_POST
0000c4a2   USCI_A0_init_UART
0000c50e   CC1101_receivePacket
0000c576   CC1101_powerupReset
0000c634   _auto_init
0000c692   __mspabi_divul
0000c692   __mspabi_remul
0000c6ea   SPI_writeBurstReg
0000c73a   SPI_setup
0000c786   Timer0_A1_ISR
0000c7c8   Timer1_A1_ISR
0000c80a   SPI_readReg
0000c84a   SPI_readStatus
0000c88a   __mspabi_divli
0000c88a   __mspabi_remli
0000c8ca   __mspabi_sral_15
0000c8ce   __mspabi_sral_14
0000c8d2   __mspabi_sral_13
0000c8d6   __mspabi_sral_12
0000c8da   __mspabi_sral_11
0000c8de   __mspabi_sral_10
0000c8e2   __mspabi_sral_9
0000c8e6   __mspabi_sral_8
0000c8ea   __mspabi_sral_7
0000c8ee   __mspabi_sral_6
0000c8f2   __mspabi_sral_5
0000c8f6   __mspabi_sral_4
0000c8fa   __mspabi_sral_3
0000c8fe   __mspabi_sral_2
0000c902   __mspabi_sral_1
0000c908   gpio_port1_init
0000c942   gpio_port2_init
0000c97c   SPI_writeReg
0000c9b4   CC1101_getRSSI
0000c9ea   CC1101_sendPacket
0000ca1a   SPI_strobe
0000ca48   __mspabi_divi
0000ca48   __mspabi_remi
0000ca74   __mspabi_slli
0000ca80   __mspabi_slli_15
0000ca82   __mspabi_slli_14
0000ca84   __mspabi_slli_13
0000ca86   __mspabi_slli_12
0000ca88   __mspabi_slli_11
0000ca8a   __mspabi_slli_10
0000ca8c   __mspabi_slli_9
0000ca8e   __mspabi_slli_8
0000ca90   __mspabi_slli_7
0000ca92   __mspabi_slli_6
0000ca94   __mspabi_slli_5
0000ca96   __mspabi_slli_4
0000ca98   __mspabi_slli_3
0000ca9a   __mspabi_slli_2
0000ca9c   __mspabi_slli_1
0000caa0   Timer0_A0_ISR
0000cac8   Timer1_A0_ISR
0000caf0   SW2_callback
0000cb0e   _c_int00
0000cb0e   _c_int00_noexit
0000cb28   Timer1_init
0000cb40   CC1101_init
0000cb56   GDO0_callback
0000cb6c   __mspabi_divu
0000cb6c   __mspabi_remu
0000cb82   __TI_zero_init
0000cb96   SPI_wait
0000cba8   Timer0_init
0000cbba   __TI_decompress_none
0000cbcc   memcpy
0000cbde   GPIO_PORT1_registerCallback
0000cbee   GPIO_PORT2_registerCallback
0000cbfe   __mspabi_func_epilog_7
0000cc00   __mspabi_func_epilog_6
0000cc02   __mspabi_func_epilog_5
0000cc04   __mspabi_func_epilog_4
0000cc06   __mspabi_func_epilog_3
0000cc08   __mspabi_func_epilog_2
0000cc0a   __mspabi_func_epilog_1
0000cc0e   UART_ISR
0000cc1c   CC1101_setReceive
0000cc26   __TI_ISR_TRAP
0000cc2c   __TI_decompress_rle24
0000cc32   _system_pre_init
0000cc36   C$$EXIT
0000cc36   abort
0000cc3a   p_USCI_A0_UART_CONTROL
0000cc3c   p_USCI_B0_SPI_CONTROL
0000cc3e   p_USCI_A0_UART_PORT
0000cc40   p_USCI_B0_SPI_PORT
0000cc42   p_USCI_INTERRUPT
0000cc4c   p_PORT1
0000cc4e   p_PORT2
0000cc50   p_PORT3
0000cc60   __TI_Handler_Table_Base
0000cc66   __TI_Handler_Table_Limit
0000cc6a   __TI_CINIT_Base
0000cc72   __TI_CINIT_Limit
0000ffe4   __TI_int02
0000ffe6   __TI_int03
0000ffea   __TI_int05
0000ffec   __TI_int06
0000ffee   __TI_int07
0000fff0   __TI_int08
0000fff2   __TI_int09
0000fff4   __TI_int10
0000fff6   __TI_int11
0000fff8   __TI_int12
0000fffa   __TI_int13
0000fffc   __TI_int14
0000fffe   _reset_vector
ffffffff   __binit__
ffffffff   __c_args__
ffffffff   binit
UNDEFED    __TI_INITARRAY_Base
UNDEFED    __TI_INITARRAY_Limit

[236 symbols]
