******************************************************************************
                  MSP430 Linker PC v4.3.5                      
******************************************************************************
>> Linked Sun Jan 25 10:19:04 2015

OUTPUT FILE NAME:   <E07-M1101S_V2.out>
ENTRY POINT SYMBOL: "_c_int00"  address: 0000cec0


MEMORY CONFIGURATION

         name            origin    length      used     unused   attr    fill
----------------------  --------  ---------  --------  --------  ----  --------
  SFR                   00000000   00000010  00000000  00000010  RWIX
  PERIPHERALS_8BIT      00000010   000000f0  00000000  000000f0  RWIX
  PERIPHERALS_16BIT     00000100   00000100  00000000  00000100  RWIX
  RAM                   00000200   00000200  000000db  00000125  RWIX
  INFOD                 00001000   00000040  00000000  00000040  RWIX
  INFOC                 00001040   00000040  00000000  00000040  RWIX
  INFOB                 00001080   00000040  00000000  00000040  RWIX
  INFOA                 000010c0   00000040  00000000  00000040  RWIX
  FLASH                 0000c000   00003fe0  000010e6  00002efa  RWIX
  INT00                 0000ffe0   00000002  00000000  00000002  RWIX
  INT01                 0000ffe2   00000002  00000000  00000002  RWIX
  INT02                 0000ffe4   00000002  00000002  00000000  RWIX
  INT03                 0000ffe6   00000002  00000002  00000000  RWIX
  INT04                 0000ffe8   00000002  00000000  00000002  RWIX
  INT05                 0000ffea   00000002  00000002  00000000  RWIX
  INT06                 0000ffec   00000002  00000002  00000000  RWIX
  INT07                 0000ffee   00000002  00000002  00000000  RWIX
  INT08                 0000fff0   00000002  00000002  00000000  RWIX
  INT09                 0000fff2   00000002  00000002  00000000  RWIX
  INT10                 0000fff4   00000002  00000002  00000000  RWIX
  INT11                 0000fff6   00000002  00000002  00000000  RWIX
  INT12                 0000fff8   00000002  00000002  00000000  RWIX
  INT13                 0000fffa   00000002  00000002  00000000  RWIX
  INT14                 0000fffc   00000002  00000002  00000000  RWIX
  RESET                 0000fffe   00000002  00000002  00000000  RWIX


SECTION ALLOCATION MAP

 output                                  attributes/
section   page    origin      length       input sections
--------  ----  ----------  ----------   ----------------
.init_array 
*          0    0000c000    00000000     UNINITIALIZED

.bss       0    00000200    00000078     UNINITIALIZED
                  00000200    00000010     (.common:GPIO_PORT1_callback)
                  00000210    00000010     (.common:GPIO_PORT2_callback)
                  00000220    00000010     (.common:timer1_A1_callback)
                  00000230    00000008     (.common:GPIO_PORT1_LPM_bits)
                  00000238    00000008     (.common:GPIO_PORT2_LPM_bits)
                  00000240    00000008     (.common:strRSSI)
                  00000248    00000008     (.common:timer0_A3_callback)
                  00000250    00000008     (.common:timer1_A1_LPM_bits)
                  00000258    00000006     (.common:rxBuffer)
                  0000025e    00000006     (.common:txBuffer)
                  00000264    00000004     (.common:strData)
                  00000268    00000004     (.common:timer0_A3_LPM_bits)
                  0000026c    00000002     (.common:ADC10_callback)
                  0000026e    00000002     (.common:BCS_callback)
                  00000270    00000002     (.common:WDT_callback)
                  00000272    00000002     (.common:timer1_A0_callback)
                  00000274    00000001     (.common:ADC10_LPM_bits)
                  00000275    00000001     (.common:BCS_LPM_bits)
                  00000276    00000001     (.common:WDT_LPM_bits)
                  00000277    00000001     (.common:timer1_A0_LPM_bits)

.TI.noinit 
*          0    00000200    00000000     UNINITIALIZED

.data      0    00000278    00000013     UNINITIALIZED
                  00000278    0000000e     Sensors.obj (.data)
                  00000286    00000005     main.obj (.data)

.TI.persistent 
*          0    00000278    00000000     UNINITIALIZED

.stack     0    000003b0    00000050     UNINITIALIZED
                  000003b0    00000002     rts430_eabi.lib : boot.obj (.stack)
                  000003b2    0000004e     --HOLE--

.text      0    0000c000    0000107c     
                  0000c000    0000019e     main.obj (.text:main)
                  0000c19e    00000116     CC1101.obj (.text:CC1101_writeSettings)
                  0000c2b4    00000098     main.obj (.text:APP_POST)
                  0000c34c    0000008c     main.obj (.text:APP_GPIO_init)
                  0000c3d8    00000084     rts430_eabi.lib : ltoa.obj (.text:ltoa)
                  0000c45c    0000007e     GPIO.obj (.text:GPIO_Port1_ISR)
                  0000c4da    0000007e     GPIO.obj (.text:GPIO_Port2_ISR)
                  0000c558    0000006e     SPI.obj (.text:SPI_readBurstReg)
                  0000c5c6    0000006c     USCI.obj (.text:USCI_A0_init_UART)
                  0000c632    00000068     CC1101.obj (.text:CC1101_receivePacket)
                  0000c69a    00000060     CC1101.obj (.text:CC1101_powerupReset)
                  0000c6fa    0000005e     rts430_eabi.lib : copy_decompress_rle.obj (.text:__TI_decompress_rle_core)
                  0000c758    0000005e                     : autoinit.obj (.text:_auto_init)
                  0000c7b6    00000058                     : div32u.obj (.text)
                  0000c80e    00000052     ADC10.obj (.text:ADC10_init)
                  0000c860    00000050     SPI.obj (.text:SPI_writeBurstReg)
                  0000c8b0    00000050     main.obj (.text:byteToHex)
                  0000c900    0000004c     SPI.obj (.text:SPI_setup)
                  0000c94c    0000004c     rts430_eabi.lib : lsr16.obj (.text)
                  0000c998    0000004c     Terminal.obj (.text:writeLineHex)
                  0000c9e4    00000042     Timer0_A3.obj (.text:Timer0_A1_ISR)
                  0000ca26    00000042     Timer1_A3.obj (.text:Timer1_A1_ISR)
                  0000ca68    00000040     SPI.obj (.text:SPI_readReg)
                  0000caa8    00000040     SPI.obj (.text:SPI_readStatus)
                  0000cae8    00000040     rts430_eabi.lib : div32s.obj (.text)
                  0000cb28    0000003e                     : asr32.obj (.text:l_asr_const)
                  0000cb66    0000003a     GPIO.obj (.text:gpio_port1_init)
                  0000cba0    0000003a     GPIO.obj (.text:gpio_port2_init)
                  0000cbda    0000003a     Sensors.obj (.text:updateAmbientAirTemp)
                  0000cc14    00000038     SPI.obj (.text:SPI_writeReg)
                  0000cc4c    00000036     CC1101.obj (.text:CC1101_getRSSI)
                  0000cc82    00000034     Sensors.obj (.text:updateBattVoltage)
                  0000ccb6    00000030     CC1101.obj (.text:CC1101_sendPacket)
                  0000cce6    00000030     main.obj (.text:SW2_callback)
                  0000cd16    00000030     main.obj (.text:periodicTX)
                  0000cd46    0000002e     SPI.obj (.text:SPI_strobe)
                  0000cd74    0000002c     rts430_eabi.lib : asr16.obj (.text)
                  0000cda0    0000002c                     : div16s.obj (.text)
                  0000cdcc    0000002c                     : lsl16.obj (.text)
                  0000cdf8    00000028     ADC10.obj (.text:ADC10_ISR)
                  0000ce20    00000028     BasicClockSystem.obj (.text:NMI_ISR)
                  0000ce48    00000028     Timer0_A3.obj (.text:Timer0_A0_ISR)
                  0000ce70    00000028     Timer1_A3.obj (.text:Timer1_A0_ISR)
                  0000ce98    00000028     WDT.obj (.text:WDT_ISR)
                  0000cec0    0000001a     rts430_eabi.lib : boot.obj (.text:_c_int00_noexit)
                  0000ceda    0000001a     Sensors.obj (.text:updateSensors)
                  0000cef4    00000018     main.obj (.text:LEDShutdown)
                  0000cf0c    00000018     Timer1_A3.obj (.text:Timer1_A3_init)
                  0000cf24    00000016     CC1101.obj (.text:CC1101_init)
                  0000cf3a    00000016     rts430_eabi.lib : div16u.obj (.text)
                  0000cf50    00000014     Timer0_A3.obj (.text:Timer0_A3_init)
                  0000cf64    00000014     rts430_eabi.lib : copy_zero_init.obj (.text:decompress:ZI:__TI_zero_init)
                  0000cf78    00000014     Terminal.obj (.text:writeLine)
                  0000cf8c    00000012     SPI.obj (.text:SPI_wait)
                  0000cf9e    00000012     rts430_eabi.lib : copy_decompress_none.obj (.text:decompress:none:__TI_decompress_none)
                  0000cfb0    00000012                     : memcpy.obj (.text:memcpy)
                  0000cfc2    00000010     GPIO.obj (.text:GPIO_PORT1_registerCallback)
                  0000cfd2    00000010     GPIO.obj (.text:GPIO_PORT2_registerCallback)
                  0000cfe2    00000010     Timer0_A3.obj (.text:Timer0_A3_registerCallback)
                  0000cff2    00000010     rts430_eabi.lib : epilog.obj (.text)
                  0000d002    0000000e     BasicClockSystem.obj (.text:BCS_init)
                  0000d010    0000000c     Terminal.obj (.text:putChar)
                  0000d01c    0000000a     CC1101.obj (.text:CC1101_getPartNo)
                  0000d026    0000000a     CC1101.obj (.text:CC1101_getVersion)
                  0000d030    0000000a     CC1101.obj (.text:CC1101_setReceive)
                  0000d03a    0000000a     rts430_eabi.lib : abs.obj (.text:abs)
                  0000d044    00000006     main.obj (.text:GDO0_callback)
                  0000d04a    00000006     rts430_eabi.lib : isr_trap.obj (.text:_isr:__TI_ISR_TRAP)
                  0000d050    00000006                     : copy_decompress_rle.obj (.text:decompress:rle24:__TI_decompress_rle24)
                  0000d056    00000006     Sensors.obj (.text:getAmbientAirTemp)
                  0000d05c    00000006     Sensors.obj (.text:updatePump1Temp)
                  0000d062    00000006     Sensors.obj (.text:updatePump2Temp)
                  0000d068    00000006     Sensors.obj (.text:updateTankWaterLevel)
                  0000d06e    00000006     Sensors.obj (.text:updateTankWaterTemp)
                  0000d074    00000004     rts430_eabi.lib : pre_init.obj (.text:_system_pre_init)
                  0000d078    00000004                     : exit.obj (.text:abort)

.const     0    0000d07c    0000004a     
                  0000d07c    00000026     main.obj (.const:.string)
                  0000d0a2    0000000a     USCI.obj (.const)
                  0000d0ac    00000008     CC1101.obj (.const:.string:$P$T0$1)
                  0000d0b4    00000008     main.obj (.const:.string:string)
                  0000d0bc    00000006     GPIO.obj (.const)
                  0000d0c2    00000002     ADC10.obj (.const)
                  0000d0c4    00000002     Timer0_A3.obj (.const)

.cinit     0    0000d0c6    00000020     
                  0000d0c6    0000000d     (.cinit..data.load) [load image, compression = rle]
                  0000d0d3    00000001     --HOLE-- [fill = 0]
                  0000d0d4    00000006     (__TI_handler_table)
                  0000d0da    00000004     (.cinit..bss.load) [load image, compression = zero_init]
                  0000d0de    00000008     (__TI_cinit_table)

PORT1      0    0000ffe4    00000002     
                  0000ffe4    00000002     GPIO.obj (.int02)

PORT2      0    0000ffe6    00000002     
                  0000ffe6    00000002     GPIO.obj (.int03)

ADC10      0    0000ffea    00000002     
                  0000ffea    00000002     ADC10.obj (.int05)

USCIAB0TX 
*          0    0000ffec    00000002     
                  0000ffec    00000002     rts430_eabi.lib : int06.obj (.int06)

USCIAB0RX 
*          0    0000ffee    00000002     
                  0000ffee    00000002     rts430_eabi.lib : int07.obj (.int07)

TIMER0_A1 
*          0    0000fff0    00000002     
                  0000fff0    00000002     Timer0_A3.obj (.int08)

TIMER0_A0 
*          0    0000fff2    00000002     
                  0000fff2    00000002     Timer0_A3.obj (.int09)

WDT        0    0000fff4    00000002     
                  0000fff4    00000002     WDT.obj (.int10)

COMPARATORA 
*          0    0000fff6    00000002     
                  0000fff6    00000002     rts430_eabi.lib : int11.obj (.int11)

TIMER1_A1 
*          0    0000fff8    00000002     
                  0000fff8    00000002     Timer1_A3.obj (.int12)

TIMER1_A0 
*          0    0000fffa    00000002     
                  0000fffa    00000002     Timer1_A3.obj (.int13)

NMI        0    0000fffc    00000002     
                  0000fffc    00000002     BasicClockSystem.obj (.int14)

.reset     0    0000fffe    00000002     
                  0000fffe    00000002     rts430_eabi.lib : boot.obj (.reset)


LINKER GENERATED COPY TABLES

__TI_cinit_table @ 0000d0de records: 2, size/record: 4, table size: 8
	.data: load addr=0000d0c6, load size=0000000d bytes, run addr=00000278, run size=00000013 bytes, compression=rle
	.bss: load addr=0000d0da, load size=00000004 bytes, run addr=00000200, run size=00000078 bytes, compression=zero_init


LINKER GENERATED HANDLER TABLE

__TI_handler_table @ 0000d0d4 records: 3, size/record: 2, table size: 6
	index: 0, handler: __TI_zero_init
	index: 1, handler: __TI_decompress_rle24
	index: 2, handler: __TI_decompress_none


GLOBAL SYMBOLS: SORTED ALPHABETICALLY BY Name 

address    name
--------   ----
0000004a   ADC10AE0
000001b0   ADC10CTL0
000001b2   ADC10CTL1
00000048   ADC10DTC0
00000049   ADC10DTC1
000001b4   ADC10MEM
000001bc   ADC10SA
0000cdf8   ADC10_ISR
00000274   ADC10_LPM_bits
0000026c   ADC10_callback
0000c80e   ADC10_init
0000c34c   APP_GPIO_init
0000c2b4   APP_POST
00000057   BCSCTL1
00000058   BCSCTL2
00000053   BCSCTL3
00000275   BCS_LPM_bits
0000026e   BCS_callback
0000d002   BCS_init
0000d078   C$$EXIT
00000059   CACTL1
0000005a   CACTL2
000010fb   CALBC1_12MHZ
000010f9   CALBC1_16MHZ
000010ff   CALBC1_1MHZ
000010fd   CALBC1_8MHZ
000010fa   CALDCO_12MHZ
000010f8   CALDCO_16MHZ
000010fe   CALDCO_1MHZ
000010fc   CALDCO_8MHZ
0000005b   CAPD
0000d01c   CC1101_getPartNo
0000cc4c   CC1101_getRSSI
0000d026   CC1101_getVersion
0000cf24   CC1101_init
0000c69a   CC1101_powerupReset
0000c632   CC1101_receivePacket
0000ccb6   CC1101_sendPacket
0000d030   CC1101_setReceive
0000c19e   CC1101_writeSettings
00000056   DCOCTL
00000128   FCTL1
0000012a   FCTL2
0000012c   FCTL3
00000286   FLAGS
0000d044   GDO0_callback
0000cfc2   GPIO_PORT1_registerCallback
0000cfd2   GPIO_PORT2_registerCallback
0000c45c   GPIO_Port1_ISR
0000c4da   GPIO_Port2_ISR
00000000   IE1
00000001   IE2
00000002   IFG1
00000003   IFG2
0000cef4   LEDShutdown
0000ce20   NMI_ISR
00000022   P1DIR
00000025   P1IE
00000024   P1IES
00000023   P1IFG
00000020   P1IN
00000021   P1OUT
00000027   P1REN
00000026   P1SEL
00000041   P1SEL2
0000002a   P2DIR
0000002d   P2IE
0000002c   P2IES
0000002b   P2IFG
00000028   P2IN
00000029   P2OUT
0000002f   P2REN
0000002e   P2SEL
00000042   P2SEL2
0000001a   P3DIR
00000018   P3IN
00000019   P3OUT
00000010   P3REN
0000001b   P3SEL
00000043   P3SEL2
0000c558   SPI_readBurstReg
0000ca68   SPI_readReg
0000caa8   SPI_readStatus
0000c900   SPI_setup
0000cd46   SPI_strobe
0000cf8c   SPI_wait
0000c860   SPI_writeBurstReg
0000cc14   SPI_writeReg
0000028a   STATE
0000cce6   SW2_callback
00000172   TA0CCR0
00000174   TA0CCR1
00000176   TA0CCR2
00000162   TA0CCTL0
00000164   TA0CCTL1
00000166   TA0CCTL2
00000160   TA0CTL
0000012e   TA0IV
00000170   TA0R
00000192   TA1CCR0
00000194   TA1CCR1
00000196   TA1CCR2
00000182   TA1CCTL0
00000184   TA1CCTL1
00000186   TA1CCTL2
00000180   TA1CTL
0000011e   TA1IV
00000190   TA1R
000010db   TLV_ADC10_1_LEN
000010da   TLV_ADC10_1_TAG
000010c0   TLV_CHECKSUM
000010f7   TLV_DCO_30_LEN
000010f6   TLV_DCO_30_TAG
0000ce48   Timer0_A0_ISR
0000c9e4   Timer0_A1_ISR
0000cf50   Timer0_A3_init
0000cfe2   Timer0_A3_registerCallback
0000ce70   Timer1_A0_ISR
0000ca26   Timer1_A1_ISR
0000cf0c   Timer1_A3_init
0000005d   UCA0ABCTL
00000062   UCA0BR0
00000063   UCA0BR1
00000060   UCA0CTL0
00000061   UCA0CTL1
0000005f   UCA0IRRCTL
0000005e   UCA0IRTCTL
00000064   UCA0MCTL
00000066   UCA0RXBUF
00000065   UCA0STAT
00000067   UCA0TXBUF
0000006a   UCB0BR0
0000006b   UCB0BR1
00000068   UCB0CTL0
00000069   UCB0CTL1
0000006c   UCB0I2CIE
00000118   UCB0I2COA
0000011a   UCB0I2CSA
0000006e   UCB0RXBUF
0000006d   UCB0STAT
0000006f   UCB0TXBUF
0000c5c6   USCI_A0_init_UART
00000120   WDTCTL
0000ce98   WDT_ISR
00000276   WDT_LPM_bits
00000270   WDT_callback
00000400   __STACK_END
00000050   __STACK_SIZE
0000d0de   __TI_CINIT_Base
0000d0e6   __TI_CINIT_Limit
0000d0d4   __TI_Handler_Table_Base
0000d0da   __TI_Handler_Table_Limit
UNDEFED    __TI_INITARRAY_Base
UNDEFED    __TI_INITARRAY_Limit
0000d04a   __TI_ISR_TRAP
00000001   __TI_args_main
0000cf9e   __TI_decompress_none
0000d050   __TI_decompress_rle24
00000001   __TI_exit
0000ffe4   __TI_int02
0000ffe6   __TI_int03
0000ffea   __TI_int05
0000ffec   __TI_int06
0000ffee   __TI_int07
0000fff0   __TI_int08
0000fff2   __TI_int09
0000fff4   __TI_int10
0000fff6   __TI_int11
0000fff8   __TI_int12
0000fffa   __TI_int13
0000fffc   __TI_int14
0000cf64   __TI_zero_init
ffffffff   __binit__
ffffffff   __c_args__
0000cda0   __mspabi_divi
0000cae8   __mspabi_divli
0000cf3a   __mspabi_divu
0000c7b6   __mspabi_divul
0000cffe   __mspabi_func_epilog_1
0000cffc   __mspabi_func_epilog_2
0000cffa   __mspabi_func_epilog_3
0000cff8   __mspabi_func_epilog_4
0000cff6   __mspabi_func_epilog_5
0000cff4   __mspabi_func_epilog_6
0000cff2   __mspabi_func_epilog_7
0000cda0   __mspabi_remi
0000cae8   __mspabi_remli
0000cf3a   __mspabi_remu
0000c7b6   __mspabi_remul
0000cdcc   __mspabi_slli
0000cdf4   __mspabi_slli_1
0000cde2   __mspabi_slli_10
0000cde0   __mspabi_slli_11
0000cdde   __mspabi_slli_12
0000cddc   __mspabi_slli_13
0000cdda   __mspabi_slli_14
0000cdd8   __mspabi_slli_15
0000cdf2   __mspabi_slli_2
0000cdf0   __mspabi_slli_3
0000cdee   __mspabi_slli_4
0000cdec   __mspabi_slli_5
0000cdea   __mspabi_slli_6
0000cde8   __mspabi_slli_7
0000cde6   __mspabi_slli_8
0000cde4   __mspabi_slli_9
0000cd74   __mspabi_srai
0000cd9c   __mspabi_srai_1
0000cd8a   __mspabi_srai_10
0000cd88   __mspabi_srai_11
0000cd86   __mspabi_srai_12
0000cd84   __mspabi_srai_13
0000cd82   __mspabi_srai_14
0000cd80   __mspabi_srai_15
0000cd9a   __mspabi_srai_2
0000cd98   __mspabi_srai_3
0000cd96   __mspabi_srai_4
0000cd94   __mspabi_srai_5
0000cd92   __mspabi_srai_6
0000cd90   __mspabi_srai_7
0000cd8e   __mspabi_srai_8
0000cd8c   __mspabi_srai_9
0000cb60   __mspabi_sral_1
0000cb3c   __mspabi_sral_10
0000cb38   __mspabi_sral_11
0000cb34   __mspabi_sral_12
0000cb30   __mspabi_sral_13
0000cb2c   __mspabi_sral_14
0000cb28   __mspabi_sral_15
0000cb5c   __mspabi_sral_2
0000cb58   __mspabi_sral_3
0000cb54   __mspabi_sral_4
0000cb50   __mspabi_sral_5
0000cb4c   __mspabi_sral_6
0000cb48   __mspabi_sral_7
0000cb44   __mspabi_sral_8
0000cb40   __mspabi_sral_9
0000c94c   __mspabi_srli
0000c992   __mspabi_srli_1
0000c96e   __mspabi_srli_10
0000c96a   __mspabi_srli_11
0000c966   __mspabi_srli_12
0000c962   __mspabi_srli_13
0000c95e   __mspabi_srli_14
0000c95a   __mspabi_srli_15
0000c98e   __mspabi_srli_2
0000c98a   __mspabi_srli_3
0000c986   __mspabi_srli_4
0000c982   __mspabi_srli_5
0000c97e   __mspabi_srli_6
0000c97a   __mspabi_srli_7
0000c976   __mspabi_srli_8
0000c972   __mspabi_srli_9
0000c758   _auto_init
0000cec0   _c_int00
0000cec0   _c_int00_noexit
0000fffe   _reset_vector
000003b0   _stack
0000d074   _system_pre_init
0000d078   abort
0000d03a   abs
ffffffff   binit
0000c8b0   byteToHex
0000d056   getAmbientAirTemp
0000cb66   gpio_port1_init
0000cba0   gpio_port2_init
0000c80e   initSensors
0000c3d8   ltoa
0000c000   main
0000cfb0   memcpy
0000d0c2   p_ADC10
0000d0bc   p_PORT1
0000d0be   p_PORT2
0000d0c0   p_PORT3
0000d0c4   p_TIMER0_A3
0000d0a2   p_USCI_A0_UART_CONTROL
0000d0a6   p_USCI_A0_UART_PORT
0000d0a4   p_USCI_B0_SPI_CONTROL
0000d0a8   p_USCI_B0_SPI_PORT
0000d0aa   p_USCI_INTERRUPT
0000cd16   periodicTX
00000287   periodicTXFlag
0000d010   putChar
00000288   reset
00000258   rxBuffer
00000278   sensorReadings
00000264   strData
00000240   strRSSI
0000d0b4   string
00000268   timer0_A3_LPM_bits
00000248   timer0_A3_callback
00000277   timer1_A0_LPM_bits
00000272   timer1_A0_callback
00000250   timer1_A1_LPM_bits
00000220   timer1_A1_callback
0000025e   txBuffer
0000cbda   updateAmbientAirTemp
0000cc82   updateBattVoltage
0000d05c   updatePump1Temp
0000d062   updatePump2Temp
0000ceda   updateSensors
0000d068   updateTankWaterLevel
0000d06e   updateTankWaterTemp
0000cf78   writeLine
0000c998   writeLineHex


GLOBAL SYMBOLS: SORTED BY Symbol Address 

address    name
--------   ----
00000000   IE1
00000001   IE2
00000001   __TI_args_main
00000001   __TI_exit
00000002   IFG1
00000003   IFG2
00000010   P3REN
00000018   P3IN
00000019   P3OUT
0000001a   P3DIR
0000001b   P3SEL
00000020   P1IN
00000021   P1OUT
00000022   P1DIR
00000023   P1IFG
00000024   P1IES
00000025   P1IE
00000026   P1SEL
00000027   P1REN
00000028   P2IN
00000029   P2OUT
0000002a   P2DIR
0000002b   P2IFG
0000002c   P2IES
0000002d   P2IE
0000002e   P2SEL
0000002f   P2REN
00000041   P1SEL2
00000042   P2SEL2
00000043   P3SEL2
00000048   ADC10DTC0
00000049   ADC10DTC1
0000004a   ADC10AE0
00000050   __STACK_SIZE
00000053   BCSCTL3
00000056   DCOCTL
00000057   BCSCTL1
00000058   BCSCTL2
00000059   CACTL1
0000005a   CACTL2
0000005b   CAPD
0000005d   UCA0ABCTL
0000005e   UCA0IRTCTL
0000005f   UCA0IRRCTL
00000060   UCA0CTL0
00000061   UCA0CTL1
00000062   UCA0BR0
00000063   UCA0BR1
00000064   UCA0MCTL
00000065   UCA0STAT
00000066   UCA0RXBUF
00000067   UCA0TXBUF
00000068   UCB0CTL0
00000069   UCB0CTL1
0000006a   UCB0BR0
0000006b   UCB0BR1
0000006c   UCB0I2CIE
0000006d   UCB0STAT
0000006e   UCB0RXBUF
0000006f   UCB0TXBUF
00000118   UCB0I2COA
0000011a   UCB0I2CSA
0000011e   TA1IV
00000120   WDTCTL
00000128   FCTL1
0000012a   FCTL2
0000012c   FCTL3
0000012e   TA0IV
00000160   TA0CTL
00000162   TA0CCTL0
00000164   TA0CCTL1
00000166   TA0CCTL2
00000170   TA0R
00000172   TA0CCR0
00000174   TA0CCR1
00000176   TA0CCR2
00000180   TA1CTL
00000182   TA1CCTL0
00000184   TA1CCTL1
00000186   TA1CCTL2
00000190   TA1R
00000192   TA1CCR0
00000194   TA1CCR1
00000196   TA1CCR2
000001b0   ADC10CTL0
000001b2   ADC10CTL1
000001b4   ADC10MEM
000001bc   ADC10SA
00000220   timer1_A1_callback
00000240   strRSSI
00000248   timer0_A3_callback
00000250   timer1_A1_LPM_bits
00000258   rxBuffer
0000025e   txBuffer
00000264   strData
00000268   timer0_A3_LPM_bits
0000026c   ADC10_callback
0000026e   BCS_callback
00000270   WDT_callback
00000272   timer1_A0_callback
00000274   ADC10_LPM_bits
00000275   BCS_LPM_bits
00000276   WDT_LPM_bits
00000277   timer1_A0_LPM_bits
00000278   sensorReadings
00000286   FLAGS
00000287   periodicTXFlag
00000288   reset
0000028a   STATE
000003b0   _stack
00000400   __STACK_END
000010c0   TLV_CHECKSUM
000010da   TLV_ADC10_1_TAG
000010db   TLV_ADC10_1_LEN
000010f6   TLV_DCO_30_TAG
000010f7   TLV_DCO_30_LEN
000010f8   CALDCO_16MHZ
000010f9   CALBC1_16MHZ
000010fa   CALDCO_12MHZ
000010fb   CALBC1_12MHZ
000010fc   CALDCO_8MHZ
000010fd   CALBC1_8MHZ
000010fe   CALDCO_1MHZ
000010ff   CALBC1_1MHZ
0000c000   main
0000c19e   CC1101_writeSettings
0000c2b4   APP_POST
0000c34c   APP_GPIO_init
0000c3d8   ltoa
0000c45c   GPIO_Port1_ISR
0000c4da   GPIO_Port2_ISR
0000c558   SPI_readBurstReg
0000c5c6   USCI_A0_init_UART
0000c632   CC1101_receivePacket
0000c69a   CC1101_powerupReset
0000c758   _auto_init
0000c7b6   __mspabi_divul
0000c7b6   __mspabi_remul
0000c80e   ADC10_init
0000c80e   initSensors
0000c860   SPI_writeBurstReg
0000c8b0   byteToHex
0000c900   SPI_setup
0000c94c   __mspabi_srli
0000c95a   __mspabi_srli_15
0000c95e   __mspabi_srli_14
0000c962   __mspabi_srli_13
0000c966   __mspabi_srli_12
0000c96a   __mspabi_srli_11
0000c96e   __mspabi_srli_10
0000c972   __mspabi_srli_9
0000c976   __mspabi_srli_8
0000c97a   __mspabi_srli_7
0000c97e   __mspabi_srli_6
0000c982   __mspabi_srli_5
0000c986   __mspabi_srli_4
0000c98a   __mspabi_srli_3
0000c98e   __mspabi_srli_2
0000c992   __mspabi_srli_1
0000c998   writeLineHex
0000c9e4   Timer0_A1_ISR
0000ca26   Timer1_A1_ISR
0000ca68   SPI_readReg
0000caa8   SPI_readStatus
0000cae8   __mspabi_divli
0000cae8   __mspabi_remli
0000cb28   __mspabi_sral_15
0000cb2c   __mspabi_sral_14
0000cb30   __mspabi_sral_13
0000cb34   __mspabi_sral_12
0000cb38   __mspabi_sral_11
0000cb3c   __mspabi_sral_10
0000cb40   __mspabi_sral_9
0000cb44   __mspabi_sral_8
0000cb48   __mspabi_sral_7
0000cb4c   __mspabi_sral_6
0000cb50   __mspabi_sral_5
0000cb54   __mspabi_sral_4
0000cb58   __mspabi_sral_3
0000cb5c   __mspabi_sral_2
0000cb60   __mspabi_sral_1
0000cb66   gpio_port1_init
0000cba0   gpio_port2_init
0000cbda   updateAmbientAirTemp
0000cc14   SPI_writeReg
0000cc4c   CC1101_getRSSI
0000cc82   updateBattVoltage
0000ccb6   CC1101_sendPacket
0000cce6   SW2_callback
0000cd16   periodicTX
0000cd46   SPI_strobe
0000cd74   __mspabi_srai
0000cd80   __mspabi_srai_15
0000cd82   __mspabi_srai_14
0000cd84   __mspabi_srai_13
0000cd86   __mspabi_srai_12
0000cd88   __mspabi_srai_11
0000cd8a   __mspabi_srai_10
0000cd8c   __mspabi_srai_9
0000cd8e   __mspabi_srai_8
0000cd90   __mspabi_srai_7
0000cd92   __mspabi_srai_6
0000cd94   __mspabi_srai_5
0000cd96   __mspabi_srai_4
0000cd98   __mspabi_srai_3
0000cd9a   __mspabi_srai_2
0000cd9c   __mspabi_srai_1
0000cda0   __mspabi_divi
0000cda0   __mspabi_remi
0000cdcc   __mspabi_slli
0000cdd8   __mspabi_slli_15
0000cdda   __mspabi_slli_14
0000cddc   __mspabi_slli_13
0000cdde   __mspabi_slli_12
0000cde0   __mspabi_slli_11
0000cde2   __mspabi_slli_10
0000cde4   __mspabi_slli_9
0000cde6   __mspabi_slli_8
0000cde8   __mspabi_slli_7
0000cdea   __mspabi_slli_6
0000cdec   __mspabi_slli_5
0000cdee   __mspabi_slli_4
0000cdf0   __mspabi_slli_3
0000cdf2   __mspabi_slli_2
0000cdf4   __mspabi_slli_1
0000cdf8   ADC10_ISR
0000ce20   NMI_ISR
0000ce48   Timer0_A0_ISR
0000ce70   Timer1_A0_ISR
0000ce98   WDT_ISR
0000cec0   _c_int00
0000cec0   _c_int00_noexit
0000ceda   updateSensors
0000cef4   LEDShutdown
0000cf0c   Timer1_A3_init
0000cf24   CC1101_init
0000cf3a   __mspabi_divu
0000cf3a   __mspabi_remu
0000cf50   Timer0_A3_init
0000cf64   __TI_zero_init
0000cf78   writeLine
0000cf8c   SPI_wait
0000cf9e   __TI_decompress_none
0000cfb0   memcpy
0000cfc2   GPIO_PORT1_registerCallback
0000cfd2   GPIO_PORT2_registerCallback
0000cfe2   Timer0_A3_registerCallback
0000cff2   __mspabi_func_epilog_7
0000cff4   __mspabi_func_epilog_6
0000cff6   __mspabi_func_epilog_5
0000cff8   __mspabi_func_epilog_4
0000cffa   __mspabi_func_epilog_3
0000cffc   __mspabi_func_epilog_2
0000cffe   __mspabi_func_epilog_1
0000d002   BCS_init
0000d010   putChar
0000d01c   CC1101_getPartNo
0000d026   CC1101_getVersion
0000d030   CC1101_setReceive
0000d03a   abs
0000d044   GDO0_callback
0000d04a   __TI_ISR_TRAP
0000d050   __TI_decompress_rle24
0000d056   getAmbientAirTemp
0000d05c   updatePump1Temp
0000d062   updatePump2Temp
0000d068   updateTankWaterLevel
0000d06e   updateTankWaterTemp
0000d074   _system_pre_init
0000d078   C$$EXIT
0000d078   abort
0000d0a2   p_USCI_A0_UART_CONTROL
0000d0a4   p_USCI_B0_SPI_CONTROL
0000d0a6   p_USCI_A0_UART_PORT
0000d0a8   p_USCI_B0_SPI_PORT
0000d0aa   p_USCI_INTERRUPT
0000d0b4   string
0000d0bc   p_PORT1
0000d0be   p_PORT2
0000d0c0   p_PORT3
0000d0c2   p_ADC10
0000d0c4   p_TIMER0_A3
0000d0d4   __TI_Handler_Table_Base
0000d0da   __TI_Handler_Table_Limit
0000d0de   __TI_CINIT_Base
0000d0e6   __TI_CINIT_Limit
0000ffe4   __TI_int02
0000ffe6   __TI_int03
0000ffea   __TI_int05
0000ffec   __TI_int06
0000ffee   __TI_int07
0000fff0   __TI_int08
0000fff2   __TI_int09
0000fff4   __TI_int10
0000fff6   __TI_int11
0000fff8   __TI_int12
0000fffa   __TI_int13
0000fffc   __TI_int14
0000fffe   _reset_vector
ffffffff   __binit__
ffffffff   __c_args__
ffffffff   binit
UNDEFED    __TI_INITARRAY_Base
UNDEFED    __TI_INITARRAY_Limit

[304 symbols]
